Component: ARM Compiler 5.06 update 3 (build 300) Tool: armlink [4d35c9]

==============================================================================

Section Cross References

    scheduler.o(.text) refers to attitude_computation.o(.text) for Attitude_sensor_Update
    scheduler.o(.text) refers to f2d.o(.text) for __aeabi_f2d
    scheduler.o(.text) refers to printfa.o(i.__0printf) for __2printf
    scheduler.o(.text) refers to control.o(.text) for Balance_Control
    scheduler.o(.text) refers to movement_control.o(.text) for Speed_InPut
    scheduler.o(.text) refers to scheduler.o(.data) for delay_ms_counter
    scheduler.o(.text) refers to scheduler.o(.bss) for loop
    scheduler.o(.text) refers to attitude_computation.o(.bss) for Angle
    scheduler.o(.text) refers to control.o(.data) for Control_Out_Right
    main.o(.text) refers to init.o(.text) for All_Init
    main.o(.text) refers to printfa.o(i.__0printf) for __2printf
    main.o(.text) refers to scheduler.o(.text) for Duty_Loop
    main.o(.text) refers to main.o(.data) for init_error
    stm32f10x_it.o(.text) refers to scheduler.o(.text) for Loop_check
    init.o(.text) refers to bsp_usart1.o(.text) for USART1_Config
    init.o(.text) refers to bsp_i2c.o(.text) for I2C_1_Init
    init.o(.text) refers to scheduler.o(.text) for Loop_Init
    init.o(.text) refers to bsp_systick.o(.text) for SysTick_Init
    init.o(.text) refers to mpu6050_measure.o(.text) for mpu6050_init
    init.o(.text) refers to attitude_computation.o(.text) for Attitude_Init
    init.o(.text) refers to control.o(.text) for Balance_Init
    kalman.o(.text) refers to ffltui.o(.text) for __aeabi_ui2f
    kalman.o(.text) refers to fdiv.o(.text) for __aeabi_fdiv
    kalman.o(.text) refers to fadd.o(.text) for __aeabi_fsub
    kalman.o(.text) refers to fmul.o(.text) for __aeabi_fmul
    mpu6050_measure.o(.text) refers to bsp_mpu6050.o(.text) for MPU6050_Init
    mpu6050_measure.o(.text) refers to fflti.o(.text) for __aeabi_i2f
    mpu6050_measure.o(.text) refers to fadd.o(.text) for __aeabi_fsub
    mpu6050_measure.o(.text) refers to ffltui.o(.text) for __aeabi_ui2f
    mpu6050_measure.o(.text) refers to fmul.o(.text) for __aeabi_fmul
    mpu6050_measure.o(.text) refers to fdiv.o(.text) for __aeabi_fdiv
    mpu6050_measure.o(.text) refers to f2d.o(.text) for __aeabi_f2d
    mpu6050_measure.o(.text) refers to ddiv.o(.text) for __aeabi_ddiv
    mpu6050_measure.o(.text) refers to d2f.o(.text) for __aeabi_d2f
    mpu6050_measure.o(.text) refers to ffixi.o(.text) for __aeabi_f2iz
    mpu6050_measure.o(.text) refers to atan2.o(i.atan2) for atan2
    mpu6050_measure.o(.text) refers to mpu6050_measure.o(.data) for TEM_LPF
    attitude_computation.o(.text) refers to kalman.o(.text) for Kanman_Init
    attitude_computation.o(.text) refers to mpu6050_measure.o(.text) for mpu6050_Input_And_Measure
    attitude_computation.o(.text) refers to attitude_computation.o(.bss) for Gyro_mpu6050_out
    control.o(.text) refers to fadd.o(.text) for __aeabi_fsub
    control.o(.text) refers to ffltui.o(.text) for __aeabi_ui2f
    control.o(.text) refers to fmul.o(.text) for __aeabi_fmul
    control.o(.text) refers to ffixi.o(.text) for __aeabi_f2iz
    control.o(.text) refers to control.o(.data) for kp
    data_transfer.o(.text) refers to data_transfer.o(.bss) for buff
    data_transfer.o(.text) refers to control.o(.data) for kp
    data_transfer.o(.text) refers to data_transfer.o(.data) for number
    movement_control.o(.text) refers to movement_control.o(.data) for Direction_Left
    bsp_usart1.o(.text) refers to stm32f10x_rcc.o(.text) for RCC_APB2PeriphClockCmd
    bsp_usart1.o(.text) refers to stm32f10x_gpio.o(.text) for GPIO_Init
    bsp_usart1.o(.text) refers to stm32f10x_usart.o(.text) for USART_Init
    bsp_usart1.o(.text) refers to misc.o(.text) for NVIC_PriorityGroupConfig
    bsp_usart1.o(.text) refers to data_transfer.o(.text) for Usart1_Receive_Handle
    bsp_usart1.o(.text) refers to printfa.o(i.__0printf) for __2printf
    bsp_systick.o(.text) refers to system_stm32f10x.o(.data) for SystemCoreClock
    bsp_i2c.o(.text) refers to stm32f10x_rcc.o(.text) for RCC_APB2PeriphClockCmd
    bsp_i2c.o(.text) refers to stm32f10x_gpio.o(.text) for GPIO_Init
    bsp_i2c.o(.text) refers to stm32f10x_i2c.o(.text) for I2C_Init
    bsp_mpu6050.o(.text) refers to stm32f10x_i2c.o(.text) for I2C_GenerateSTART
    bsp_mpu6050.o(.text) refers to scheduler.o(.text) for Delay_ms
    bsp_mpu6050.o(.text) refers to bsp_mpu6050.o(.data) for mpu6050_ok
    startup_stm32f10x_hd.o(RESET) refers to startup_stm32f10x_hd.o(STACK) for __initial_sp
    startup_stm32f10x_hd.o(RESET) refers to startup_stm32f10x_hd.o(.text) for Reset_Handler
    startup_stm32f10x_hd.o(RESET) refers to stm32f10x_it.o(.text) for NMI_Handler
    startup_stm32f10x_hd.o(RESET) refers to bsp_usart1.o(.text) for USART1_IRQHandler
[...]
    printf2.o(i.__0snprintf$2) refers to printf2.o(i._snputc) for _snputc
    printf2.o(i.__0sprintf$2) refers to printf2.o(i._printf_core) for _printf_core
    printf2.o(i.__0sprintf$2) refers to printf2.o(i._sputc) for _sputc
    printf2.o(i.__0vfprintf$2) refers to printf2.o(i._printf_core) for _printf_core
    printf2.o(i.__0vfprintf$2) refers to bsp_usart1.o(.text) for fputc
    printf2.o(i.__0vprintf$2) refers to printf2.o(i._printf_core) for _printf_core
    printf2.o(i.__0vprintf$2) refers to bsp_usart1.o(.text) for fputc
    printf2.o(i.__0vprintf$2) refers to stdout.o(.data) for __stdout
    printf2.o(i.__0vsnprintf$2) refers to printf2.o(i._printf_core) for _printf_core
    printf2.o(i.__0vsnprintf$2) refers to printf2.o(i._snputc) for _snputc
    printf2.o(i.__0vsprintf$2) refers to printf2.o(i._printf_core) for _printf_core
    printf2.o(i.__0vsprintf$2) refers to printf2.o(i._sputc) for _sputc
    printf3.o(i.__0fprintf$3) refers to printf3.o(i._printf_core) for _printf_core
    printf3.o(i.__0fprintf$3) refers to bsp_usart1.o(.text) for fputc
    printf3.o(i.__0printf$3) refers to printf3.o(i._printf_core) for _printf_core
    printf3.o(i.__0printf$3) refers to bsp_usart1.o(.text) for fputc
    printf3.o(i.__0printf$3) refers to stdout.o(.data) for __stdout
    printf3.o(i.__0snprintf$3) refers to printf3.o(i._printf_core) for _printf_core
    printf3.o(i.__0snprintf$3) refers to printf3.o(i._snputc) for _snputc
    printf3.o(i.__0sprintf$3) refers to printf3.o(i._printf_core) for _printf_core
    printf3.o(i.__0sprintf$3) refers to printf3.o(i._sputc) for _sputc
    printf3.o(i.__0vfprintf$3) refers to printf3.o(i._printf_core) for _printf_core
    printf3.o(i.__0vfprintf$3) refers to bsp_usart1.o(.text) for fputc
    printf3.o(i.__0vprintf$3) refers to printf3.o(i._printf_core) for _printf_core
    printf3.o(i.__0vprintf$3) refers to bsp_usart1.o(.text) for fputc
    printf3.o(i.__0vprintf$3) refers to stdout.o(.data) for __stdout
    printf3.o(i.__0vsnprintf$3) refers to printf3.o(i._printf_core) for _printf_core
    printf3.o(i.__0vsnprintf$3) refers to printf3.o(i._snputc) for _snputc
    printf3.o(i.__0vsprintf$3) refers to printf3.o(i._printf_core) for _printf_core
    printf3.o(i.__0vsprintf$3) refers to printf3.o(i._sputc) for _sputc
    printf3.o(i._printf_core) refers to uidiv.o(.text) for __aeabi_uidivmod
    printf4.o(i.__0fprintf$4) refers to printf4.o(i._printf_core) for _printf_core
    printf4.o(i.__0fprintf$4) refers to bsp_usart1.o(.text) for fputc
    printf4.o(i.__0printf$4) refers to printf4.o(i._printf_core) for _printf_core
    printf4.o(i.__0printf$4) refers to bsp_usart1.o(.text) for fputc
    printf4.o(i.__0printf$4) refers to stdout.o(.data) for __stdout
    printf4.o(i.__0snprintf$4) refers to printf4.o(i._printf_core) for _printf_core
    printf4.o(i.__0snprintf$4) refers to printf4.o(i._snputc) for _snputc
    printf4.o(i.__0sprintf$4) refers to printf4.o(i._printf_core) for _printf_core
    printf4.o(i.__0sprintf$4) refers to printf4.o(i._sputc) for _sputc
    printf4.o(i.__0vfprintf$4) refers to printf4.o(i._printf_core) for _printf_core
    printf4.o(i.__0vfprintf$4) refers to bsp_usart1.o(.text) for fputc
    printf4.o(i.__0vprintf$4) refers to printf4.o(i._printf_core) for _printf_core
    printf4.o(i.__0vprintf$4) refers to bsp_usart1.o(.text) for fputc
    printf4.o(i.__0vprintf$4) refers to stdout.o(.data) for __stdout
    printf4.o(i.__0vsnprintf$4) refers to printf4.o(i._printf_core) for _printf_core
    printf4.o(i.__0vsnprintf$4) refers to printf4.o(i._snputc) for _snputc
    printf4.o(i.__0vsprintf$4) refers to printf4.o(i._printf_core) for _printf_core
    printf4.o(i.__0vsprintf$4) refers to printf4.o(i._sputc) for _sputc
    printf4.o(i._printf_core) refers to uldiv.o(.text) for __aeabi_uldivmod
    printf5.o(i.__0fprintf$5) refers to printf5.o(i._printf_core) for _printf_core
    printf5.o(i.__0fprintf$5) refers to bsp_usart1.o(.text) for fputc
    printf5.o(i.__0printf$5) refers to printf5.o(i._printf_core) for _printf_core
    printf5.o(i.__0printf$5) refers to bsp_usart1.o(.text) for fputc
    printf5.o(i.__0printf$5) refers to stdout.o(.data) for __stdout
    printf5.o(i.__0snprintf$5) refers to printf5.o(i._printf_core) for _printf_core
    printf5.o(i.__0snprintf$5) refers to printf5.o(i._snputc) for _snputc
    printf5.o(i.__0sprintf$5) refers to printf5.o(i._printf_core) for _printf_core
    printf5.o(i.__0sprintf$5) refers to printf5.o(i._sputc) for _sputc
    printf5.o(i.__0vfprintf$5) refers to printf5.o(i._printf_core) for _printf_core
    printf5.o(i.__0vfprintf$5) refers to bsp_usart1.o(.text) for fputc
    printf5.o(i.__0vprintf$5) refers to printf5.o(i._printf_core) for _printf_core
    printf5.o(i.__0vprintf$5) refers to bsp_usart1.o(.text) for fputc
    printf5.o(i.__0vprintf$5) refers to stdout.o(.data) for __stdout
    printf5.o(i.__0vsnprintf$5) refers to printf5.o(i._printf_core) for _printf_core
    printf5.o(i.__0vsnprintf$5) refers to printf5.o(i._snputc) for _snputc
    printf5.o(i.__0vsprintf$5) refers to printf5.o(i._printf_core) for _printf_core
    printf5.o(i.__0vsprintf$5) refers to printf5.o(i._sputc) for _sputc
    printf5.o(i._printf_core) refers to uldiv.o(.text) for __aeabi_uldivmod
    printf6.o(i.__0fprintf$6) refers to printf6.o(i._printf_core) for _printf_core
    printf6.o(i.__0fprintf$6) refers to bsp_usart1.o(.text) for fputc
    printf6.o(i.__0printf$6) refers to printf6.o(i._printf_core) for _printf_core
    printf6.o(i.__0printf$6) refers to bsp_usart1.o(.text) for fputc
    printf6.o(i.__0printf$6) refers to stdout.o(.data) for __stdout
    printf6.o(i.__0snprintf$6) refers to printf6.o(i._printf_core) for _printf_core
    printf6.o(i.__0snprintf$6) refers to printf6.o(i._snputc) for _snputc
    printf6.o(i.__0sprintf$6) refers to printf6.o(i._printf_core) for _printf_core
    printf6.o(i.__0sprintf$6) refers to printf6.o(i._sputc) for _sputc
    printf6.o(i.__0vfprintf$6) refers to printf6.o(i._printf_core) for _printf_core
    printf6.o(i.__0vfprintf$6) refers to bsp_usart1.o(.text) for fputc
    printf6.o(i.__0vprintf$6) refers to printf6.o(i._printf_core) for _printf_core
    printf6.o(i.__0vprintf$6) refers to bsp_usart1.o(.text) for fputc
    printf6.o(i.__0vprintf$6) refers to stdout.o(.data) for __stdout
    printf6.o(i.__0vsnprintf$6) refers to printf6.o(i._printf_core) for _printf_core
    printf6.o(i.__0vsnprintf$6) refers to printf6.o(i._snputc) for _snputc
    printf6.o(i.__0vsprintf$6) refers to printf6.o(i._printf_core) for _printf_core
    printf6.o(i.__0vsprintf$6) refers to printf6.o(i._sputc) for _sputc
    printf6.o(i._printf_core) refers to printf6.o(i._printf_pre_padding) for _printf_pre_padding
    printf6.o(i._printf_core) refers to uidiv.o(.text) for __aeabi_uidivmod
    printf6.o(i._printf_core) refers to printf6.o(i._printf_post_padding) for _printf_post_padding
    printf7.o(i.__0fprintf$7) refers to printf7.o(i._printf_core) for _printf_core
    printf7.o(i.__0fprintf$7) refers to bsp_usart1.o(.text) for fputc
    printf7.o(i.__0printf$7) refers to printf7.o(i._printf_core) for _printf_core
    printf7.o(i.__0printf$7) refers to bsp_usart1.o(.text) for fputc
    printf7.o(i.__0printf$7) refers to stdout.o(.data) for __stdout
    printf7.o(i.__0snprintf$7) refers to printf7.o(i._printf_core) for _printf_core
    printf7.o(i.__0snprintf$7) refers to printf7.o(i._snputc) for _snputc
    printf7.o(i.__0sprintf$7) refers to printf7.o(i._printf_core) for _printf_core
    printf7.o(i.__0sprintf$7) refers to printf7.o(i._sputc) for _sputc
    printf7.o(i.__0vfprintf$7) refers to printf7.o(i._printf_core) for _printf_core
    printf7.o(i.__0vfprintf$7) refers to bsp_usart1.o(.text) for fputc
    printf7.o(i.__0vprintf$7) refers to printf7.o(i._printf_core) for _printf_core
    printf7.o(i.__0vprintf$7) refers to bsp_usart1.o(.text) for fputc
    printf7.o(i.__0vprintf$7) refers to stdout.o(.data) for __stdout
    printf7.o(i.__0vsnprintf$7) refers to printf7.o(i._printf_core) for _printf_core
    printf7.o(i.__0vsnprintf$7) refers to printf7.o(i._snputc) for _snputc
    printf7.o(i.__0vsprintf$7) refers to printf7.o(i._printf_core) for _printf_core
    printf7.o(i.__0vsprintf$7) refers to printf7.o(i._sputc) for _sputc
    printf7.o(i._printf_core) refers to printf7.o(i._printf_pre_padding) for _printf_pre_padding
    printf7.o(i._printf_core) refers to uldiv.o(.text) for __aeabi_uldivmod
    printf7.o(i._printf_core) refers to printf7.o(i._printf_post_padding) for _printf_post_padding
    printf8.o(i.__0fprintf$8) refers to printf8.o(i._printf_core) for _printf_core
    printf8.o(i.__0fprintf$8) refers to bsp_usart1.o(.text) for fputc
    printf8.o(i.__0printf$8) refers to printf8.o(i._printf_core) for _printf_core
    printf8.o(i.__0printf$8) refers to bsp_usart1.o(.text) for fputc
    printf8.o(i.__0printf$8) refers to stdout.o(.data) for __stdout
    printf8.o(i.__0snprintf$8) refers to printf8.o(i._printf_core) for _printf_core
    printf8.o(i.__0snprintf$8) refers to printf8.o(i._snputc) for _snputc
    printf8.o(i.__0sprintf$8) refers to printf8.o(i._printf_core) for _printf_core
    printf8.o(i.__0sprintf$8) refers to printf8.o(i._sputc) for _sputc
    printf8.o(i.__0vfprintf$8) refers to printf8.o(i._printf_core) for _printf_core
    printf8.o(i.__0vfprintf$8) refers to bsp_usart1.o(.text) for fputc
    printf8.o(i.__0vprintf$8) refers to printf8.o(i._printf_core) for _printf_core
    printf8.o(i.__0vprintf$8) refers to bsp_usart1.o(.text) for fputc
    printf8.o(i.__0vprintf$8) refers to stdout.o(.data) for __stdout
    printf8.o(i.__0vsnprintf$8) refers to printf8.o(i._printf_core) for _printf_core
    printf8.o(i.__0vsnprintf$8) refers to printf8.o(i._snputc) for _snputc
    printf8.o(i.__0vsprintf$8) refers to printf8.o(i._printf_core) for _printf_core
    printf8.o(i.__0vsprintf$8) refers to printf8.o(i._sputc) for _sputc
    printf8.o(i._printf_core) refers to printf8.o(i._printf_pre_padding) for _printf_pre_padding
    printf8.o(i._printf_core) refers to uldiv.o(.text) for __aeabi_uldivmod
    printf8.o(i._printf_core) refers to printf8.o(i._printf_post_padding) for _printf_post_padding
    printfa.o(i.__0fprintf) refers (Special) to iusefp.o(.text) for __I$use$fp
    printfa.o(i.__0fprintf) refers to printfa.o(i._printf_core) for _printf_core
    printfa.o(i.__0fprintf) refers to bsp_usart1.o(.text) for fputc
    printfa.o(i.__0printf) refers (Special) to iusefp.o(.text) for __I$use$fp
    printfa.o(i.__0printf) refers to printfa.o(i._printf_core) for _printf_core
    printfa.o(i.__0printf) refers to bsp_usart1.o(.text) for fputc
    printfa.o(i.__0printf) refers to stdout.o(.data) for __stdout
    printfa.o(i.__0snprintf) refers (Special) to iusefp.o(.text) for __I$use$fp
    printfa.o(i.__0snprintf) refers to printfa.o(i._printf_core) for _printf_core
    printfa.o(i.__0snprintf) refers to printfa.o(i._snputc) for _snputc
    printfa.o(i.__0sprintf) refers (Special) to iusefp.o(.text) for __I$use$fp
    printfa.o(i.__0sprintf) refers to printfa.o(i._printf_core) for _printf_core
    printfa.o(i.__0sprintf) refers to printfa.o(i._sputc) for _sputc
    printfa.o(i.__0vfprintf) refers (Special) to iusefp.o(.text) for __I$use$fp
    printfa.o(i.__0vfprintf) refers to printfa.o(i._printf_core) for _printf_core
    printfa.o(i.__0vfprintf) refers to bsp_usart1.o(.text) for fputc
    printfa.o(i.__0vprintf) refers (Special) to iusefp.o(.text) for __I$use$fp
    printfa.o(i.__0vprintf) refers to printfa.o(i._printf_core) for _printf_core
    printfa.o(i.__0vprintf) refers to bsp_usart1.o(.text) for fputc
    printfa.o(i.__0vprintf) refers to stdout.o(.data) for __stdout
    printfa.o(i.__0vsnprintf) refers (Special) to iusefp.o(.text) for __I$use$fp
    printfa.o(i.__0vsnprintf) refers to printfa.o(i._printf_core) for _printf_core
    printfa.o(i.__0vsnprintf) refers to printfa.o(i._snputc) for _snputc
    printfa.o(i.__0vsprintf) refers (Special) to iusefp.o(.text) for __I$use$fp
    printfa.o(i.__0vsprintf) refers to printfa.o(i._printf_core) for _printf_core
    printfa.o(i.__0vsprintf) refers to printfa.o(i._sputc) for _sputc
    printfa.o(i._fp_digits) refers (Special) to iusefp.o(.text) for __I$use$fp
    printfa.o(i._fp_digits) refers to dmul.o(.text) for __aeabi_dmul
    printfa.o(i._fp_digits) refers to ddiv.o(.text) for __aeabi_ddiv
    printfa.o(i._fp_digits) refers to cdrcmple.o(.text) for __aeabi_cdrcmple
    printfa.o(i._fp_digits) refers to dadd.o(.text) for __aeabi_dadd
    printfa.o(i._fp_digits) refers to dfixul.o(.text) for __aeabi_d2ulz
    printfa.o(i._fp_digits) refers to uldiv.o(.text) for __aeabi_uldivmod
    printfa.o(i._printf_core) refers (Special) to iusefp.o(.text) for __I$use$fp
    printfa.o(i._printf_core) refers to printfa.o(i._printf_pre_padding) for _printf_pre_padding
    printfa.o(i._printf_core) refers to uldiv.o(.text) for __aeabi_uldivmod
    printfa.o(i._printf_core) refers to printfa.o(i._printf_post_padding) for _printf_post_padding
    printfa.o(i._printf_core) refers to printfa.o(i._fp_digits) for _fp_digits
    printfa.o(i._printf_core) refers to uidiv.o(.text) for __aeabi_uidivmod
    printfa.o(i._printf_post_padding) refers (Special) to iusefp.o(.text) for __I$use$fp
    printfa.o(i._printf_pre_padding) refers (Special) to iusefp.o(.text) for __I$use$fp
    printfa.o(i._snputc) refers (Special) to iusefp.o(.text) for __I$use$fp
    printfa.o(i._sputc) refers (Special) to iusefp.o(.text) for __I$use$fp
    fadd.o(.text) refers (Special) to iusefp.o(.text) for __I$use$fp
    fadd.o(.text) refers to fepilogue.o(.text) for _float_epilogue
    fmul.o(.text) refers (Special) to iusefp.o(.text) for __I$use$fp
    fdiv.o(.text) refers (Special) to iusefp.o(.text) for __I$use$fp
    fdiv.o(.text) refers to fepilogue.o(.text) for _float_round
    ddiv.o(.text) refers (Special) to iusefp.o(.text) for __I$use$fp
    ddiv.o(.text) refers to depilogue.o(.text) for _double_round
    fflti.o(.text) refers (Special) to iusefp.o(.text) for __I$use$fp
    fflti.o(.text) refers to fepilogue.o(.text) for _float_epilogue
    ffltui.o(.text) refers (Special) to iusefp.o(.text) for __I$use$fp
    ffltui.o(.text) refers to fepilogue.o(.text) for _float_epilogue
    ffixi.o(.text) refers (Special) to iusefp.o(.text) for __I$use$fp
    f2d.o(.text) refers (Special) to iusefp.o(.text) for __I$use$fp
    d2f.o(.text) refers (Special) to iusefp.o(.text) for __I$use$fp
    d2f.o(.text) refers to fepilogue.o(.text) for _float_round
    atan.o(i.__softfp_atan) refers (Special) to iusefp.o(.text) for __I$use$fp
    atan.o(i.__softfp_atan) refers to atan.o(i.atan) for atan
    atan.o(i.atan) refers (Special) to iusefp.o(.text) for __I$use$fp
    atan.o(i.atan) refers to dunder.o(i.__mathlib_dbl_infnan) for __mathlib_dbl_infnan
    atan.o(i.atan) refers to fpclassify.o(i.__ARM_fpclassify) for __ARM_fpclassify
    atan.o(i.atan) refers to dunder.o(i.__mathlib_dbl_underflow) for __mathlib_dbl_underflow
    atan.o(i.atan) refers to dadd.o(.text) for __aeabi_dadd
    atan.o(i.atan) refers to dscalb.o(.text) for __ARM_scalbn
    atan.o(i.atan) refers to ddiv.o(.text) for __aeabi_ddiv
    atan.o(i.atan) refers to dmul.o(.text) for __aeabi_dmul
    atan.o(i.atan) refers to poly.o(i.__kernel_poly) for __kernel_poly
    atan.o(i.atan) refers to atan.o(.constdata) for .constdata
    atan.o(.constdata) refers (Special) to iusefp.o(.text) for __I$use$fp
    atan_x.o(i.____softfp_atan$lsc) refers (Special) to iusefp.o(.text) for __I$use$fp
    atan_x.o(i.____softfp_atan$lsc) refers to atan_x.o(i.__atan$lsc) for __atan$lsc
    atan_x.o(i.__atan$lsc) refers (Special) to iusefp.o(.text) for __I$use$fp
    atan_x.o(i.__atan$lsc) refers to dunder.o(i.__mathlib_dbl_infnan) for __mathlib_dbl_infnan
    atan_x.o(i.__atan$lsc) refers to dadd.o(.text) for __aeabi_dadd
    atan_x.o(i.__atan$lsc) refers to dscalb.o(.text) for __ARM_scalbn
    atan_x.o(i.__atan$lsc) refers to ddiv.o(.text) for __aeabi_ddiv
    atan_x.o(i.__atan$lsc) refers to dmul.o(.text) for __aeabi_dmul
    atan_x.o(i.__atan$lsc) refers to poly.o(i.__kernel_poly) for __kernel_poly
    atan_x.o(i.__atan$lsc) refers to atan_x.o(.constdata) for .constdata
    atan_x.o(.constdata) refers (Special) to iusefp.o(.text) for __I$use$fp
    dunder.o(i.__mathlib_dbl_divzero) refers to ddiv.o(.text) for __aeabi_ddiv
    dunder.o(i.__mathlib_dbl_infnan) refers to dscalb.o(.text) for __ARM_scalbn
    dunder.o(i.__mathlib_dbl_infnan2) refers to dadd.o(.text) for __aeabi_dadd
    dunder.o(i.__mathlib_dbl_invalid) refers to ddiv.o(.text) for __aeabi_ddiv
    dunder.o(i.__mathlib_dbl_overflow) refers to dscalb.o(.text) for __ARM_scalbn
    dunder.o(i.__mathlib_dbl_posinfnan) refers to dmul.o(.text) for __aeabi_dmul
    dunder.o(i.__mathlib_dbl_underflow) refers to dscalb.o(.text) for __ARM_scalbn
    qnan.o(.constdata) refers (Special) to iusefp.o(.text) for __I$use$fp
    entry2.o(.ARM.Collect$$$$00000001) refers to entry2.o(.ARM.Collect$$$$00002712) for __lit__00000000
    entry2.o(.ARM.Collect$$$$00002712) refers to startup_stm32f10x_hd.o(STACK) for __initial_sp
    entry2.o(__vectab_stack_and_reset_area) refers to startup_stm32f10x_hd.o(STACK) for __initial_sp
    entry2.o(__vectab_stack_and_reset_area) refers to entry.o(.ARM.Collect$$$$00000000) for __main
    entry5.o(.ARM.Collect$$$$00000004) refers to init.o(.text) for __scatterload
    entry9a.o(.ARM.Collect$$$$0000000B) refers to main.o(.text) for main
    entry9b.o(.ARM.Collect$$$$0000000C) refers to main.o(.text) for main
    uldiv.o(.text) refers to llushr.o(.text) for __aeabi_llsr
    uldiv.o(.text) refers to llshl.o(.text) for __aeabi_llsl
    errno.o(i.__aeabi_errno_addr) refers to errno.o(.data) for .data
    errno.o(i.__read_errno) refers to errno.o(.data) for .data
    errno.o(i.__set_errno) refers to errno.o(.data) for .data
    depilogue.o(.text) refers to llshl.o(.text) for __aeabi_llsl
    depilogue.o(.text) refers to llushr.o(.text) for __aeabi_llsr
    dadd.o(.text) refers to llshl.o(.text) for __aeabi_llsl
    dadd.o(.text) refers to llsshr.o(.text) for __aeabi_lasr
    dadd.o(.text) refers to depilogue.o(.text) for _double_epilogue
    dmul.o(.text) refers to depilogue.o(.text) for _double_epilogue
    dfixul.o(.text) refers to llushr.o(.text) for __aeabi_llsr
    dfixul.o(.text) refers to llshl.o(.text) for __aeabi_llsl
    fpclassify.o(i.__ARM_fpclassify) refers (Special) to iusefp.o(.text) for __I$use$fp
    poly.o(i.__kernel_poly) refers (Special) to iusefp.o(.text) for __I$use$fp
    poly.o(i.__kernel_poly) refers to dmul.o(.text) for __aeabi_dmul
    poly.o(i.__kernel_poly) refers to dadd.o(.text) for __aeabi_dadd
    init.o(.text) refers to entry5.o(.ARM.Collect$$$$00000004) for __main_after_scatterload


==============================================================================

Removing Unused input sections from the image.

    Removing startup_stm32f10x_hd.o(HEAP), (512 bytes).
    Removing core_cm3.o(.emb_text), (32 bytes).
    Removing stm32f10x_adc.o(.text), (1102 bytes).
    Removing stm32f10x_bkp.o(.text), (196 bytes).
    Removing stm32f10x_can.o(.text), (2544 bytes).
    Removing stm32f10x_cec.o(.text), (288 bytes).
    Removing stm32f10x_crc.o(.text), (72 bytes).
    Removing stm32f10x_dac.o(.text), (396 bytes).
    Removing stm32f10x_dbgmcu.o(.text), (48 bytes).
    Removing stm32f10x_dma.o(.text), (596 bytes).
    Removing stm32f10x_exti.o(.text), (284 bytes).
    Removing stm32f10x_flash.o(.text), (1468 bytes).
    Removing stm32f10x_fsmc.o(.text), (1548 bytes).
    Removing stm32f10x_iwdg.o(.text), (64 bytes).
    Removing stm32f10x_pwr.o(.text), (204 bytes).
    Removing stm32f10x_rtc.o(.text), (328 bytes).
    Removing stm32f10x_sdio.o(.text), (468 bytes).
    Removing stm32f10x_spi.o(.text), (780 bytes).
    Removing stm32f10x_tim.o(.text), (3610 bytes).
    Removing stm32f10x_wwdg.o(.text), (136 bytes).

20 unused section(s) (total 14676 bytes) removed from the image.

==============================================================================

Image Symbol Table

    Local Symbols

    Symbol Name                              Value     Ov Type        Size  Object(Section)

    ../clib/microlib/division.c              0x00000000   Number         0  uidiv.o ABSOLUTE
    ../clib/microlib/division.c              0x00000000   Number         0  uldiv.o ABSOLUTE
    ../clib/microlib/errno.c                 0x00000000   Number         0  errno.o ABSOLUTE
    ../clib/microlib/init/entry.s            0x00000000   Number         0  entry9b.o ABSOLUTE
    ../clib/microlib/init/entry.s            0x00000000   Number         0  entry10b.o ABSOLUTE
    ../clib/microlib/init/entry.s            0x00000000   Number         0  entry9a.o ABSOLUTE
    ../clib/microlib/init/entry.s            0x00000000   Number         0  entry5.o ABSOLUTE
    ../clib/microlib/init/entry.s            0x00000000   Number         0  entry10a.o ABSOLUTE
    ../clib/microlib/init/entry.s            0x00000000   Number         0  entry11b.o ABSOLUTE
    ../clib/microlib/init/entry.s            0x00000000   Number         0  entry11a.o ABSOLUTE
    ../clib/microlib/init/entry.s            0x00000000   Number         0  entry8b.o ABSOLUTE
    ../clib/microlib/init/entry.s            0x00000000   Number         0  entry8a.o ABSOLUTE
    ../clib/microlib/init/entry.s            0x00000000   Number         0  entry.o ABSOLUTE
    ../clib/microlib/init/entry.s            0x00000000   Number         0  entry7b.o ABSOLUTE
    ../clib/microlib/init/entry.s            0x00000000   Number         0  entry7a.o ABSOLUTE
    ../clib/microlib/init/entry.s            0x00000000   Number         0  entry2.o ABSOLUTE
    ../clib/microlib/longlong.c              0x00000000   Number         0  llshl.o ABSOLUTE
    ../clib/microlib/longlong.c              0x00000000   Number         0  llsshr.o ABSOLUTE
    ../clib/microlib/longlong.c              0x00000000   Number         0  llushr.o ABSOLUTE
    ../clib/microlib/printf/printf.c         0x00000000   Number         0  printf1.o ABSOLUTE
    ../clib/microlib/printf/printf.c         0x00000000   Number         0  printf2.o ABSOLUTE
    ../clib/microlib/printf/printf.c         0x00000000   Number         0  printf3.o ABSOLUTE
    ../clib/microlib/printf/printf.c         0x00000000   Number         0  printf4.o ABSOLUTE
    ../clib/microlib/printf/printf.c         0x00000000   Number         0  printf5.o ABSOLUTE
    ../clib/microlib/printf/printf.c         0x00000000   Number         0  printf6.o ABSOLUTE
    ../clib/microlib/printf/printf.c         0x00000000   Number         0  printf7.o ABSOLUTE
    ../clib/microlib/printf/printf.c         0x00000000   Number         0  printf8.o ABSOLUTE
    ../clib/microlib/printf/printf.c         0x00000000   Number         0  printfa.o ABSOLUTE
    ../clib/microlib/printf/printf.c         0x00000000   Number         0  printf0.o ABSOLUTE
    ../clib/microlib/printf/printf.c         0x00000000   Number         0  printfb.o ABSOLUTE
    ../clib/microlib/printf/stubs.s          0x00000000   Number         0  stubs.o ABSOLUTE
    ../clib/microlib/stdio/streams.c         0x00000000   Number         0  stdout.o ABSOLUTE
    ../clib/microlib/stubs.s                 0x00000000   Number         0  iusefp.o ABSOLUTE
    ../fplib/microlib/d2f.c                  0x00000000   Number         0  d2f.o ABSOLUTE
    ../fplib/microlib/f2d.c                  0x00000000   Number         0  f2d.o ABSOLUTE
    ../fplib/microlib/fpadd.c                0x00000000   Number         0  dadd.o ABSOLUTE
    ../fplib/microlib/fpadd.c                0x00000000   Number         0  fadd.o ABSOLUTE
    ../fplib/microlib/fpdiv.c                0x00000000   Number         0  fdiv.o ABSOLUTE
    ../fplib/microlib/fpdiv.c                0x00000000   Number         0  ddiv.o ABSOLUTE
    ../fplib/microlib/fpepilogue.c           0x00000000   Number         0  fepilogue.o ABSOLUTE
    ../fplib/microlib/fpepilogue.c           0x00000000   Number         0  depilogue.o ABSOLUTE
    ../fplib/microlib/fpfix.c                0x00000000   Number         0  dfixul.o ABSOLUTE
    ../fplib/microlib/fpfix.c                0x00000000   Number         0  ffixi.o ABSOLUTE
    ../fplib/microlib/fpflt.c                0x00000000   Number         0  fflti.o ABSOLUTE
    ../fplib/microlib/fpflt.c                0x00000000   Number         0  ffltui.o ABSOLUTE
    ../fplib/microlib/fpmul.c                0x00000000   Number         0  fmul.o ABSOLUTE
    ../fplib/microlib/fpmul.c                0x00000000   Number         0  dmul.o ABSOLUTE
    ../fplib/microlib/fpscalb.c              0x00000000   Number         0  dscalb.o ABSOLUTE
    ../mathlib/atan.c                        0x00000000   Number         0  atan_x.o ABSOLUTE
    ../mathlib/atan.c                        0x00000000   Number         0  atan.o ABSOLUTE
    ../mathlib/atan2.c                       0x00000000   Number         0  atan2_x.o ABSOLUTE
    ../mathlib/atan2.c                       0x00000000   Number         0  atan2.o ABSOLUTE
    ../mathlib/dunder.c                      0x00000000   Number         0  dunder.o ABSOLUTE
    ../mathlib/fpclassify.c                  0x00000000   Number         0  fpclassify.o ABSOLUTE
    ../mathlib/poly.c                        0x00000000   Number         0  poly.o ABSOLUTE
    ../mathlib/qnan.c                        0x00000000   Number         0  qnan.o ABSOLUTE
    ..\..\Libraries\CMSIS\core_cm3.c         0x00000000   Number         0  core_cm3.o ABSOLUTE
    ..\..\Libraries\CMSIS\startup\startup_stm32f10x_hd.s 0x00000000   Number         0  startup_stm32f10x_hd.o ABSOLUTE
    ..\..\Libraries\CMSIS\system_stm32f10x.c 0x00000000   Number         0  system_stm32f10x.o ABSOLUTE
    ..\..\Libraries\FWlib\src\misc.c         0x00000000   Number         0  misc.o ABSOLUTE
    ..\..\Libraries\FWlib\src\stm32f10x_adc.c 0x00000000   Number         0  stm32f10x_adc.o ABSOLUTE
    ..\..\Libraries\FWlib\src\stm32f10x_bkp.c 0x00000000   Number         0  stm32f10x_bkp.o ABSOLUTE
    ..\..\Libraries\FWlib\src\stm32f10x_can.c 0x00000000   Number         0  stm32f10x_can.o ABSOLUTE
    ..\..\Libraries\FWlib\src\stm32f10x_cec.c 0x00000000   Number         0  stm32f10x_cec.o ABSOLUTE
    ..\..\Libraries\FWlib\src\stm32f10x_crc.c 0x00000000   Number         0  stm32f10x_crc.o ABSOLUTE
    ..\..\Libraries\FWlib\src\stm32f10x_dac.c 0x00000000   Number         0  stm32f10x_dac.o ABSOLUTE
    ..\..\Libraries\FWlib\src\stm32f10x_dbgmcu.c 0x00000000   Number         0  stm32f10x_dbgmcu.o ABSOLUTE
    ..\..\Libraries\FWlib\src\stm32f10x_dma.c 0x00000000   Number         0  stm32f10x_dma.o ABSOLUTE
    ..\..\Libraries\FWlib\src\stm32f10x_exti.c 0x00000000   Number         0  stm32f10x_exti.o ABSOLUTE
    ..\..\Libraries\FWlib\src\stm32f10x_flash.c 0x00000000   Number         0  stm32f10x_flash.o ABSOLUTE
    ..\..\Libraries\FWlib\src\stm32f10x_fsmc.c 0x00000000   Number         0  stm32f10x_fsmc.o ABSOLUTE
    ..\..\Libraries\FWlib\src\stm32f10x_gpio.c 0x00000000   Number         0  stm32f10x_gpio.o ABSOLUTE
    ..\..\Libraries\FWlib\src\stm32f10x_i2c.c 0x00000000   Number         0  stm32f10x_i2c.o ABSOLUTE
    ..\..\Libraries\FWlib\src\stm32f10x_iwdg.c 0x00000000   Number         0  stm32f10x_iwdg.o ABSOLUTE
    ..\..\Libraries\FWlib\src\stm32f10x_pwr.c 0x00000000   Number         0  stm32f10x_pwr.o ABSOLUTE
    ..\..\Libraries\FWlib\src\stm32f10x_rcc.c 0x00000000   Number         0  stm32f10x_rcc.o ABSOLUTE
    ..\..\Libraries\FWlib\src\stm32f10x_rtc.c 0x00000000   Number         0  stm32f10x_rtc.o ABSOLUTE
    ..\..\Libraries\FWlib\src\stm32f10x_sdio.c 0x00000000   Number         0  stm32f10x_sdio.o ABSOLUTE
    ..\..\Libraries\FWlib\src\stm32f10x_spi.c 0x00000000   Number         0  stm32f10x_spi.o ABSOLUTE
    ..\..\Libraries\FWlib\src\stm32f10x_tim.c 0x00000000   Number         0  stm32f10x_tim.o ABSOLUTE
    ..\..\Libraries\FWlib\src\stm32f10x_usart.c 0x00000000   Number         0  stm32f10x_usart.o ABSOLUTE
    ..\..\Libraries\FWlib\src\stm32f10x_wwdg.c 0x00000000   Number         0  stm32f10x_wwdg.o ABSOLUTE
    ..\..\User\SysTick\bsp_SysTick.c         0x00000000   Number         0  bsp_systick.o ABSOLUTE
    ..\..\User\attitude_computation.c        0x00000000   Number         0  attitude_computation.o ABSOLUTE
    ..\..\User\control.c                     0x00000000   Number         0  control.o ABSOLUTE
    ..\..\User\data_transfer.c               0x00000000   Number         0  data_transfer.o ABSOLUTE
    ..\..\User\encoder\bsp_encoder.c         0x00000000   Number         0  bsp_encoder.o ABSOLUTE
    ..\..\User\i2c\bsp_i2c.c                 0x00000000   Number         0  bsp_i2c.o ABSOLUTE
    ..\..\User\init.c                        0x00000000   Number         0  init.o ABSOLUTE
    ..\..\User\kalman\kalman.c               0x00000000   Number         0  kalman.o ABSOLUTE
    ..\..\User\main.c                        0x00000000   Number         0  main.o ABSOLUTE
    ..\..\User\movement_control.c            0x00000000   Number         0  movement_control.o ABSOLUTE
    ..\..\User\mpu6050\bsp_mpu6050.c         0x00000000   Number         0  bsp_mpu6050.o ABSOLUTE
    ..\..\User\mpu6050_measure.c             0x00000000   Number         0  mpu6050_measure.o ABSOLUTE
    ..\..\User\pwm_out\bsp_pwm_out.c         0x00000000   Number         0  bsp_pwm_out.o ABSOLUTE
    ..\..\User\scheduler.c                   0x00000000   Number         0  scheduler.o ABSOLUTE
    ..\..\User\stm32f10x_it.c                0x00000000   Number         0  stm32f10x_it.o ABSOLUTE
    ..\..\User\time.c                        0x00000000   Number         0  time.o ABSOLUTE
    ..\..\User\usart\bsp_usart1.c            0x00000000   Number         0  bsp_usart1.o ABSOLUTE
    ..\\..\\Libraries\\CMSIS\\core_cm3.c     0x00000000   Number         0  core_cm3.o ABSOLUTE
    cdrcmple.s                               0x00000000   Number         0  cdrcmple.o ABSOLUTE
    dc.s                                     0x00000000   Number         0  dc.o ABSOLUTE
    handlers.s                               0x00000000   Number         0  handlers.o ABSOLUTE
    init.s                                   0x00000000   Number         0  init.o ABSOLUTE
    RESET                                    0x08000000   Section      304  startup_stm32f10x_hd.o(RESET)
    .ARM.Collect$$$$00000000                 0x08000130   Section        0  entry.o(.ARM.Collect$$$$00000000)
    .ARM.Collect$$$$00000001                 0x08000130   Section        4  entry2.o(.ARM.Collect$$$$00000001)
    .ARM.Collect$$$$00000004                 0x08000134   Section        4  entry5.o(.ARM.Collect$$$$00000004)
    .ARM.Collect$$$$00000008                 0x08000138   Section        0  entry7b.o(.ARM.Collect$$$$00000008)
    .ARM.Collect$$$$0000000A                 0x08000138   Section        0  entry8b.o(.ARM.Collect$$$$0000000A)
    .ARM.Collect$$$$0000000B                 0x08000138   Section        8  entry9a.o(.ARM.Collect$$$$0000000B)
    .ARM.Collect$$$$0000000D                 0x08000140   Section        0  entry10a.o(.ARM.Collect$$$$0000000D)
    .ARM.Collect$$$$0000000F                 0x08000140   Section        0  entry11a.o(.ARM.Collect$$$$0000000F)
    .ARM.Collect$$$$00002712                 0x08000140   Section        4  entry2.o(.ARM.Collect$$$$00002712)
    __lit__00000000                          0x08000140   Data           4  entry2.o(.ARM.Collect$$$$00002712)
    .text                                    0x08000144   Section        0  scheduler.o(.text)
    .text                                    0x08000338   Section        0  main.o(.text)
    .text                                    0x0800036c   Section        0  stm32f10x_it.o(.text)
    .text                                    0x0800038c   Section        0  init.o(.text)
    .text                                    0x080003b8   Section        0  kalman.o(.text)
    .text                                    0x080005a0   Section        0  mpu6050_measure.o(.text)
    .text                                    0x080008cc   Section        0  attitude_computation.o(.text)
    .text                                    0x0800099c   Section        0  control.o(.text)
    .text                                    0x08000a10   Section        0  data_transfer.o(.text)
    .text                                    0x08000ae4   Section        0  movement_control.o(.text)
    .text                                    0x08000b3c   Section        0  bsp_usart1.o(.text)
    .text                                    0x08000ca4   Section        0  bsp_systick.o(.text)
    .text                                    0x08000d0c   Section        0  bsp_i2c.o(.text)
    .text                                    0x08000d80   Section        0  bsp_mpu6050.o(.text)
    .text                                    0x080011a0   Section       36  startup_stm32f10x_hd.o(.text)
    .text                                    0x080011c4   Section        0  system_stm32f10x.o(.text)
    SetSysClockTo72                          0x080011c5   Thumb Code   214  system_stm32f10x.o(.text)
    SetSysClock                              0x0800129b   Thumb Code     8  system_stm32f10x.o(.text)
    .text                                    0x080013a4   Section        0  misc.o(.text)
    .text                                    0x08001480   Section        0  stm32f10x_gpio.o(.text)
    .text                                    0x080017dc   Section        0  stm32f10x_i2c.o(.text)
    .text                                    0x08001be0   Section        0  stm32f10x_rcc.o(.text)
    .text                                    0x08001f84   Section        0  stm32f10x_usart.o(.text)
    .text                                    0x0800238c   Section        0  fadd.o(.text)
    .text                                    0x0800243c   Section        0  fmul.o(.text)
    .text                                    0x080024a0   Section        0  fdiv.o(.text)
    .text                                    0x0800251c   Section        0  ddiv.o(.text)
    .text                                    0x080025fa   Section        0  fflti.o(.text)
    .text                                    0x0800260c   Section        0  ffltui.o(.text)
    .text                                    0x08002616   Section        0  ffixi.o(.text)
    .text                                    0x08002648   Section        0  f2d.o(.text)
    .text                                    0x0800266e   Section        0  d2f.o(.text)
    .text                                    0x080026a6   Section        0  uidiv.o(.text)
    .text                                    0x080026d2   Section        0  uldiv.o(.text)
    .text                                    0x08002734   Section        0  fepilogue.o(.text)
    .text                                    0x08002734   Section        0  iusefp.o(.text)
    .text                                    0x080027a2   Section        0  depilogue.o(.text)
    .text                                    0x0800285c   Section        0  dadd.o(.text)
    .text                                    0x080029aa   Section        0  dmul.o(.text)
    .text                                    0x08002a8e   Section        0  dfixul.o(.text)
    .text                                    0x08002ac0   Section       48  cdrcmple.o(.text)
    .text                                    0x08002af0   Section       36  init.o(.text)
    .text                                    0x08002b14   Section        0  llshl.o(.text)
    .text                                    0x08002b32   Section        0  llushr.o(.text)
    .text                                    0x08002b52   Section        0  llsshr.o(.text)
    .text                                    0x08002b76   Section        0  dscalb.o(.text)
    i.__0printf                              0x08002ba4   Section        0  printfa.o(i.__0printf)
    i.__ARM_fpclassify                       0x08002bc4   Section        0  fpclassify.o(i.__ARM_fpclassify)
    i.__kernel_poly                          0x08002bec   Section        0  poly.o(i.__kernel_poly)
    i.__mathlib_dbl_infnan                   0x08002c96   Section        0  dunder.o(i.__mathlib_dbl_infnan)
    i.__mathlib_dbl_infnan2                  0x08002c9c   Section        0  dunder.o(i.__mathlib_dbl_infnan2)
    i.__mathlib_dbl_underflow                0x08002ca0   Section        0  dunder.o(i.__mathlib_dbl_underflow)
    i.__scatterload_copy                     0x08002cb0   Section       14  handlers.o(i.__scatterload_copy)
    i.__scatterload_null                     0x08002cbe   Section        2  handlers.o(i.__scatterload_null)
    i.__scatterload_zeroinit                 0x08002cc0   Section       14  handlers.o(i.__scatterload_zeroinit)
    i._fp_digits                             0x08002cd0   Section        0  printfa.o(i._fp_digits)
    _fp_digits                               0x08002cd1   Thumb Code   366  printfa.o(i._fp_digits)
    i._printf_core                           0x08002e54   Section        0  printfa.o(i._printf_core)
    _printf_core                             0x08002e55   Thumb Code  1744  printfa.o(i._printf_core)
    i._printf_post_padding                   0x08003530   Section        0  printfa.o(i._printf_post_padding)
    _printf_post_padding                     0x08003531   Thumb Code    36  printfa.o(i._printf_post_padding)
    i._printf_pre_padding                    0x08003554   Section        0  printfa.o(i._printf_pre_padding)
    _printf_pre_padding                      0x08003555   Thumb Code    46  printfa.o(i._printf_pre_padding)
    i.atan                                   0x08003584   Section        0  atan.o(i.atan)
    i.atan2                                  0x080037a4   Section        0  atan2.o(i.atan2)
    .constdata                               0x08003928   Section      152  atan.o(.constdata)
    atanhi                                   0x08003928   Data          32  atan.o(.constdata)
    atanlo                                   0x08003948   Data          32  atan.o(.constdata)
    aTodd                                    0x08003968   Data          40  atan.o(.constdata)
    aTeven                                   0x08003990   Data          48  atan.o(.constdata)
    .constdata                               0x080039c0   Section        8  qnan.o(.constdata)
    .data                                    0x20000000   Section        4  scheduler.o(.data)
    .data                                    0x20000004   Section        4  main.o(.data)
    .data                                    0x20000008   Section        8  mpu6050_measure.o(.data)
    i                                        0x2000000c   Data           4  mpu6050_measure.o(.data)
    .data                                    0x20000010   Section       16  control.o(.data)
    .data                                    0x20000020   Section        1  data_transfer.o(.data)
    number                                   0x20000020   Data           1  data_transfer.o(.data)
    .data                                    0x20000021   Section        2  movement_control.o(.data)
    .data                                    0x20000023   Section        1  bsp_mpu6050.o(.data)
    .data                                    0x20000024   Section       20  system_stm32f10x.o(.data)
    .data                                    0x20000038   Section       20  stm32f10x_rcc.o(.data)
    APBAHBPrescTable                         0x20000038   Data          16  stm32f10x_rcc.o(.data)
    ADCPrescTable                            0x20000048   Data           4  stm32f10x_rcc.o(.data)
    .data                                    0x2000004c   Section        4  stdout.o(.data)
    .bss                                     0x20000050   Section       14  scheduler.o(.bss)
    .bss                                     0x20000060   Section      452  attitude_computation.o(.bss)
    .bss                                     0x20000224   Section       20  data_transfer.o(.bss)
    STACK                                    0x20000238   Section     1024  startup_stm32f10x_hd.o(STACK)

    Global Symbols

    Symbol Name                              Value     Ov Type        Size  Object(Section)

    BuildAttributes$$THM_ISAv4$P$D$K$B$S$PE$A:L22UL41UL21$X:L11$S22US41US21$IEEE1$IW$USESV6$~STKCKD$USESV7$~SHL$OTIME$ROPI$IEEEX$EBA8$MICROLIB$REQ8$PRES8$EABIv2 0x00000000   Number         0  anon$$obj.o ABSOLUTE
    __ARM_use_no_argv                        0x00000000   Number         0  main.o ABSOLUTE
    _printf_a                                0x00000000   Number         0  stubs.o ABSOLUTE
    _printf_c                                0x00000000   Number         0  stubs.o ABSOLUTE
    _printf_charcount                        0x00000000   Number         0  stubs.o ABSOLUTE
    _printf_d                                0x00000000   Number         0  stubs.o ABSOLUTE
    _printf_e                                0x00000000   Number         0  stubs.o ABSOLUTE
    _printf_f                                0x00000000   Number         0  stubs.o ABSOLUTE
    _printf_flags                            0x00000000   Number         0  stubs.o ABSOLUTE
    _printf_fp_dec                           0x00000000   Number         0  stubs.o ABSOLUTE
    _printf_fp_hex                           0x00000000   Number         0  stubs.o ABSOLUTE
    _printf_g                                0x00000000   Number         0  stubs.o ABSOLUTE
    _printf_i                                0x00000000   Number         0  stubs.o ABSOLUTE
    _printf_int_dec                          0x00000000   Number         0  stubs.o ABSOLUTE
    _printf_l                                0x00000000   Number         0  stubs.o ABSOLUTE
    _printf_lc                               0x00000000   Number         0  stubs.o ABSOLUTE
    _printf_ll                               0x00000000   Number         0  stubs.o ABSOLUTE
    _printf_lld                              0x00000000   Number         0  stubs.o ABSOLUTE
    _printf_lli                              0x00000000   Number         0  stubs.o ABSOLUTE
    _printf_llo                              0x00000000   Number         0  stubs.o ABSOLUTE
    _printf_llu                              0x00000000   Number         0  stubs.o ABSOLUTE
    _printf_llx                              0x00000000   Number         0  stubs.o ABSOLUTE
    _printf_longlong_dec                     0x00000000   Number         0  stubs.o ABSOLUTE
    _printf_longlong_hex                     0x00000000   Number         0  stubs.o ABSOLUTE
    _printf_longlong_oct                     0x00000000   Number         0  stubs.o ABSOLUTE
    _printf_ls                               0x00000000   Number         0  stubs.o ABSOLUTE
    _printf_mbtowc                           0x00000000   Number         0  stubs.o ABSOLUTE
    _printf_n                                0x00000000   Number         0  stubs.o ABSOLUTE
    _printf_o                                0x00000000   Number         0  stubs.o ABSOLUTE
    _printf_p                                0x00000000   Number         0  stubs.o ABSOLUTE
    _printf_percent                          0x00000000   Number         0  stubs.o ABSOLUTE
    _printf_pre_padding                      0x00000000   Number         0  stubs.o ABSOLUTE
    _printf_return_value                     0x00000000   Number         0  stubs.o ABSOLUTE
    _printf_s                                0x00000000   Number         0  stubs.o ABSOLUTE
    _printf_sizespec                         0x00000000   Number         0  stubs.o ABSOLUTE
    _printf_str                              0x00000000   Number         0  stubs.o ABSOLUTE
    _printf_truncate_signed                  0x00000000   Number         0  stubs.o ABSOLUTE
    _printf_truncate_unsigned                0x00000000   Number         0  stubs.o ABSOLUTE
    _printf_u                                0x00000000   Number         0  stubs.o ABSOLUTE
    _printf_wc                               0x00000000   Number         0  stubs.o ABSOLUTE
    _printf_wctomb                           0x00000000   Number         0  stubs.o ABSOLUTE
    _printf_widthprec                        0x00000000   Number         0  stubs.o ABSOLUTE
    _printf_x                                0x00000000   Number         0  stubs.o ABSOLUTE
    __cpp_initialize__aeabi_                  - Undefined Weak Reference
    __cxa_finalize                            - Undefined Weak Reference
    __decompress                              - Undefined Weak Reference
    _clock_init                               - Undefined Weak Reference
    _microlib_exit                            - Undefined Weak Reference
    __Vectors_Size                           0x00000130   Number         0  startup_stm32f10x_hd.o ABSOLUTE
    __Vectors                                0x08000000   Data           4  startup_stm32f10x_hd.o(RESET)
    __Vectors_End                            0x08000130   Data           0  startup_stm32f10x_hd.o(RESET)
    __main                                   0x08000131   Thumb Code     0  entry.o(.ARM.Collect$$$$00000000)
    _main_stk                                0x08000131   Thumb Code     0  entry2.o(.ARM.Collect$$$$00000001)
    _main_scatterload                        0x08000135   Thumb Code     0  entry5.o(.ARM.Collect$$$$00000004)
    __main_after_scatterload                 0x08000139   Thumb Code     0  entry5.o(.ARM.Collect$$$$00000004)
    _main_clock                              0x08000139   Thumb Code     0  entry7b.o(.ARM.Collect$$$$00000008)
    _main_cpp_init                           0x08000139   Thumb Code     0  entry8b.o(.ARM.Collect$$$$0000000A)
    _main_init                               0x08000139   Thumb Code     0  entry9a.o(.ARM.Collect$$$$0000000B)
    __rt_final_cpp                           0x08000141   Thumb Code     0  entry10a.o(.ARM.Collect$$$$0000000D)
    __rt_final_exit                          0x08000141   Thumb Code     0  entry11a.o(.ARM.Collect$$$$0000000F)
    Delay_ms                                 0x08000145   Thumb Code    16  scheduler.o(.text)
    Loop_check                               0x08000155   Thumb Code   110  scheduler.o(.text)
    Loop_Init                                0x080001c3   Thumb Code    20  scheduler.o(.text)
    Duty_50ms                                0x080001d7   Thumb Code     2  scheduler.o(.text)
    Duty_20ms                                0x080001d9   Thumb Code     2  scheduler.o(.text)
    Duty_10ms                                0x080001db   Thumb Code     2  scheduler.o(.text)
    Duty_5ms                                 0x080001dd   Thumb Code   154  scheduler.o(.text)
    Duty_2ms                                 0x08000277   Thumb Code    12  scheduler.o(.text)
    Duty_1ms                                 0x08000283   Thumb Code     2  scheduler.o(.text)
    Duty_Loop                                0x08000285   Thumb Code   122  scheduler.o(.text)
    main                                     0x08000339   Thumb Code    28  main.o(.text)
    NMI_Handler                              0x0800036d   Thumb Code     2  stm32f10x_it.o(.text)
    HardFault_Handler                        0x0800036f   Thumb Code     4  stm32f10x_it.o(.text)
    MemManage_Handler                        0x08000373   Thumb Code     4  stm32f10x_it.o(.text)
    BusFault_Handler                         0x08000377   Thumb Code     4  stm32f10x_it.o(.text)
    UsageFault_Handler                       0x0800037b   Thumb Code     4  stm32f10x_it.o(.text)
    SVC_Handler                              0x0800037f   Thumb Code     2  stm32f10x_it.o(.text)
    DebugMon_Handler                         0x08000381   Thumb Code     2  stm32f10x_it.o(.text)
    PendSV_Handler                           0x08000383   Thumb Code     2  stm32f10x_it.o(.text)
    SysTick_Handler                          0x08000385   Thumb Code     8  stm32f10x_it.o(.text)
    All_Init                                 0x0800038d   Thumb Code    44  init.o(.text)
    Kanman_Init                              0x080003b9   Thumb Code    82  kalman.o(.text)
    Kanman_Filter                            0x0800040b   Thumb Code   394  kalman.o(.text)
    mpu6050_init                             0x080005a1   Thumb Code    12  mpu6050_measure.o(.text)
    mpu6050_Temperature_Prepare              0x080005ad   Thumb Code    90  mpu6050_measure.o(.text)
    mpu6050_6axis_Prepare                    0x08000607   Thumb Code   500  mpu6050_measure.o(.text)
    mpu6050_Input_And_Measure                0x080007fb   Thumb Code    46  mpu6050_measure.o(.text)
    Accel_To_Angle                           0x08000829   Thumb Code   132  mpu6050_measure.o(.text)
    Attitude_Init                            0x080008cd   Thumb Code    42  attitude_computation.o(.text)
    Attitude_sensor_Read                     0x080008f7   Thumb Code    16  attitude_computation.o(.text)
    Attitude_sensor_Update                   0x08000907   Thumb Code   114  attitude_computation.o(.text)
    Balance_Init                             0x0800099d   Thumb Code    16  control.o(.text)
    Balance_Control                          0x080009ad   Thumb Code    82  control.o(.text)
    Data_Analyze                             0x08000a11   Thumb Code    62  data_transfer.o(.text)
    Usart1_Receive_Handle                    0x08000a4f   Thumb Code   132  data_transfer.o(.text)
    Speed_InPut                              0x08000ae5   Thumb Code    62  movement_control.o(.text)
    Get_Speed                                0x08000b23   Thumb Code     2  movement_control.o(.text)
    Get_Direction                            0x08000b25   Thumb Code    14  movement_control.o(.text)
    USART1_Config                            0x08000b3d   Thumb Code   126  bsp_usart1.o(.text)
    NVIC_Configuration                       0x08000bbb   Thumb Code    40  bsp_usart1.o(.text)
    fputc                                    0x08000be3   Thumb Code    32  bsp_usart1.o(.text)
    fgetc                                    0x08000c03   Thumb Code    26  bsp_usart1.o(.text)
    USART1_IRQHandler                        0x08000c1d   Thumb Code    30  bsp_usart1.o(.text)
    printf_test                              0x08000c3b   Thumb Code    16  bsp_usart1.o(.text)
    SysTick_Init                             0x08000ca5   Thumb Code    92  bsp_systick.o(.text)
    I2C_1_Init                               0x08000d0d   Thumb Code   104  bsp_i2c.o(.text)
    I2C_MPU6050_ByteWrite                    0x08000d81   Thumb Code   110  bsp_mpu6050.o(.text)
    I2C_MPU6050_BufferRead                   0x08000def   Thumb Code   212  bsp_mpu6050.o(.text)
    IIC_Read_nByte                           0x08000ec3   Thumb Code    28  bsp_mpu6050.o(.text)
    IIC_Write_1Byte                          0x08000edf   Thumb Code    20  bsp_mpu6050.o(.text)
    IICwriteBit                              0x08000ef3   Thumb Code    78  bsp_mpu6050.o(.text)
    IICwriteBits                             0x08000f41   Thumb Code   102  bsp_mpu6050.o(.text)
    MPU6050_setSleepEnabled                  0x08000fa7   Thumb Code    18  bsp_mpu6050.o(.text)
    MPU6050_setClockSource                   0x08000fb9   Thumb Code    20  bsp_mpu6050.o(.text)
    MPU6050_set_SMPLRT_DIV                   0x08000fcd   Thumb Code    28  bsp_mpu6050.o(.text)
    MPU6050_setFullScaleGyroRange            0x08000fe9   Thumb Code    36  bsp_mpu6050.o(.text)
    MPU6050_setFullScaleAccelRange           0x0800100d   Thumb Code    36  bsp_mpu6050.o(.text)
    MPU6050_setDLPF                          0x08001031   Thumb Code    20  bsp_mpu6050.o(.text)
    MPU6050_setI2CMasterModeEnabled          0x08001045   Thumb Code    18  bsp_mpu6050.o(.text)
    MPU6050_setI2CBypassEnabled              0x08001057   Thumb Code    18  bsp_mpu6050.o(.text)
    MPU6050_Init                             0x08001069   Thumb Code   188  bsp_mpu6050.o(.text)
    MPU6050_Read                             0x08001125   Thumb Code   122  bsp_mpu6050.o(.text)
    Reset_Handler                            0x080011a1   Thumb Code     8  startup_stm32f10x_hd.o(.text)
    ADC1_2_IRQHandler                        0x080011bb   Thumb Code     0  startup_stm32f10x_hd.o(.text)
    ADC3_IRQHandler                          0x080011bb   Thumb Code     0  startup_stm32f10x_hd.o(.text)
    CAN1_RX1_IRQHandler                      0x080011bb   Thumb Code     0  startup_stm32f10x_hd.o(.text)
    CAN1_SCE_IRQHandler                      0x080011bb   Thumb Code     0  startup_stm32f10x_hd.o(.text)
    DMA1_Channel1_IRQHandler                 0x080011bb   Thumb Code     0  startup_stm32f10x_hd.o(.text)
    DMA1_Channel2_IRQHandler                 0x080011bb   Thumb Code     0  startup_stm32f10x_hd.o(.text)
    DMA1_Channel3_IRQHandler                 0x080011bb   Thumb Code     0  startup_stm32f10x_hd.o(.text)
    DMA1_Channel4_IRQHandler                 0x080011bb   Thumb Code     0  startup_stm32f10x_hd.o(.text)
    DMA1_Channel5_IRQHandler                 0x080011bb   Thumb Code     0  startup_stm32f10x_hd.o(.text)
    DMA1_Channel6_IRQHandler                 0x080011bb   Thumb Code     0  startup_stm32f10x_hd.o(.text)
    DMA1_Channel7_IRQHandler                 0x080011bb   Thumb Code     0  startup_stm32f10x_hd.o(.text)
    DMA2_Channel1_IRQHandler                 0x080011bb   Thumb Code     0  startup_stm32f10x_hd.o(.text)
    DMA2_Channel2_IRQHandler                 0x080011bb   Thumb Code     0  startup_stm32f10x_hd.o(.text)
    DMA2_Channel3_IRQHandler                 0x080011bb   Thumb Code     0  startup_stm32f10x_hd.o(.text)
    DMA2_Channel4_5_IRQHandler               0x080011bb   Thumb Code     0  startup_stm32f10x_hd.o(.text)
    EXTI0_IRQHandler                         0x080011bb   Thumb Code     0  startup_stm32f10x_hd.o(.text)
    EXTI15_10_IRQHandler                     0x080011bb   Thumb Code     0  startup_stm32f10x_hd.o(.text)
    EXTI1_IRQHandler                         0x080011bb   Thumb Code     0  startup_stm32f10x_hd.o(.text)
    EXTI2_IRQHandler                         0x080011bb   Thumb Code     0  startup_stm32f10x_hd.o(.text)
    EXTI3_IRQHandler                         0x080011bb   Thumb Code     0  startup_stm32f10x_hd.o(.text)
    EXTI4_IRQHandler                         0x080011bb   Thumb Code     0  startup_stm32f10x_hd.o(.text)
    EXTI9_5_IRQHandler                       0x080011bb   Thumb Code     0  startup_stm32f10x_hd.o(.text)
    FLASH_IRQHandler                         0x080011bb   Thumb Code     0  startup_stm32f10x_hd.o(.text)
    FSMC_IRQHandler                          0x080011bb   Thumb Code     0  startup_stm32f10x_hd.o(.text)
    I2C1_ER_IRQHandler                       0x080011bb   Thumb Code     0  startup_stm32f10x_hd.o(.text)
    I2C1_EV_IRQHandler                       0x080011bb   Thumb Code     0  startup_stm32f10x_hd.o(.text)
    I2C2_ER_IRQHandler                       0x080011bb   Thumb Code     0  startup_stm32f10x_hd.o(.text)
    I2C2_EV_IRQHandler                       0x080011bb   Thumb Code     0  startup_stm32f10x_hd.o(.text)
    PVD_IRQHandler                           0x080011bb   Thumb Code     0  startup_stm32f10x_hd.o(.text)
    RCC_IRQHandler                           0x080011bb   Thumb Code     0  startup_stm32f10x_hd.o(.text)
    RTCAlarm_IRQHandler                      0x080011bb   Thumb Code     0  startup_stm32f10x_hd.o(.text)
    RTC_IRQHandler                           0x080011bb   Thumb Code     0  startup_stm32f10x_hd.o(.text)
    SDIO_IRQHandler                          0x080011bb   Thumb Code     0  startup_stm32f10x_hd.o(.text)
    SPI1_IRQHandler                          0x080011bb   Thumb Code     0  startup_stm32f10x_hd.o(.text)
    SPI2_IRQHandler                          0x080011bb   Thumb Code     0  startup_stm32f10x_hd.o(.text)
    SPI3_IRQHandler                          0x080011bb   Thumb Code     0  startup_stm32f10x_hd.o(.text)
    TAMPER_IRQHandler                        0x080011bb   Thumb Code     0  startup_stm32f10x_hd.o(.text)
    TIM1_BRK_IRQHandler                      0x080011bb   Thumb Code     0  startup_stm32f10x_hd.o(.text)
    TIM1_CC_IRQHandler                       0x080011bb   Thumb Code     0  startup_stm32f10x_hd.o(.text)
    TIM1_TRG_COM_IRQHandler                  0x080011bb   Thumb Code     0  startup_stm32f10x_hd.o(.text)
    TIM1_UP_IRQHandler                       0x080011bb   Thumb Code     0  startup_stm32f10x_hd.o(.text)
    TIM2_IRQHandler                          0x080011bb   Thumb Code     0  startup_stm32f10x_hd.o(.text)
    TIM3_IRQHandler                          0x080011bb   Thumb Code     0  startup_stm32f10x_hd.o(.text)
    TIM4_IRQHandler                          0x080011bb   Thumb Code     0  startup_stm32f10x_hd.o(.text)
    TIM5_IRQHandler                          0x080011bb   Thumb Code     0  startup_stm32f10x_hd.o(.text)
    TIM6_IRQHandler                          0x080011bb   Thumb Code     0  startup_stm32f10x_hd.o(.text)
    TIM7_IRQHandler                          0x080011bb   Thumb Code     0  startup_stm32f10x_hd.o(.text)
    TIM8_BRK_IRQHandler                      0x080011bb   Thumb Code     0  startup_stm32f10x_hd.o(.text)
    TIM8_CC_IRQHandler                       0x080011bb   Thumb Code     0  startup_stm32f10x_hd.o(.text)
    TIM8_TRG_COM_IRQHandler                  0x080011bb   Thumb Code     0  startup_stm32f10x_hd.o(.text)
    TIM8_UP_IRQHandler                       0x080011bb   Thumb Code     0  startup_stm32f10x_hd.o(.text)
    UART4_IRQHandler                         0x080011bb   Thumb Code     0  startup_stm32f10x_hd.o(.text)
    UART5_IRQHandler                         0x080011bb   Thumb Code     0  startup_stm32f10x_hd.o(.text)
    USART2_IRQHandler                        0x080011bb   Thumb Code     0  startup_stm32f10x_hd.o(.text)
    USART3_IRQHandler                        0x080011bb   Thumb Code     0  startup_stm32f10x_hd.o(.text)
    USBWakeUp_IRQHandler                     0x080011bb   Thumb Code     0  startup_stm32f10x_hd.o(.text)
    USB_HP_CAN1_TX_IRQHandler                0x080011bb   Thumb Code     0  startup_stm32f10x_hd.o(.text)
    USB_LP_CAN1_RX0_IRQHandler               0x080011bb   Thumb Code     0  startup_stm32f10x_hd.o(.text)
    WWDG_IRQHandler                          0x080011bb   Thumb Code     0  startup_stm32f10x_hd.o(.text)
    SystemInit                               0x080012a3   Thumb Code    78  system_stm32f10x.o(.text)
    SystemCoreClockUpdate                    0x080012f1   Thumb Code   142  system_stm32f10x.o(.text)
    NVIC_PriorityGroupConfig                 0x080013a5   Thumb Code    10  misc.o(.text)
    NVIC_Init                                0x080013af   Thumb Code   100  misc.o(.text)
    NVIC_SetVectorTable                      0x08001413   Thumb Code    14  misc.o(.text)
    NVIC_SystemLPConfig                      0x08001421   Thumb Code    34  misc.o(.text)
    SysTick_CLKSourceConfig                  0x08001443   Thumb Code    40  misc.o(.text)
    GPIO_DeInit                              0x08001481   Thumb Code   172  stm32f10x_gpio.o(.text)
    GPIO_AFIODeInit                          0x0800152d   Thumb Code    20  stm32f10x_gpio.o(.text)
    GPIO_Init                                0x08001541   Thumb Code   278  stm32f10x_gpio.o(.text)
    GPIO_StructInit                          0x08001657   Thumb Code    16  stm32f10x_gpio.o(.text)
    GPIO_ReadInputDataBit                    0x08001667   Thumb Code    18  stm32f10x_gpio.o(.text)
    GPIO_ReadInputData                       0x08001679   Thumb Code     8  stm32f10x_gpio.o(.text)
    GPIO_ReadOutputDataBit                   0x08001681   Thumb Code    18  stm32f10x_gpio.o(.text)
    GPIO_ReadOutputData                      0x08001693   Thumb Code     8  stm32f10x_gpio.o(.text)
    GPIO_SetBits                             0x0800169b   Thumb Code     4  stm32f10x_gpio.o(.text)
    GPIO_ResetBits                           0x0800169f   Thumb Code     4  stm32f10x_gpio.o(.text)
    GPIO_WriteBit                            0x080016a3   Thumb Code    10  stm32f10x_gpio.o(.text)
    GPIO_Write                               0x080016ad   Thumb Code     4  stm32f10x_gpio.o(.text)
    GPIO_PinLockConfig                       0x080016b1   Thumb Code    18  stm32f10x_gpio.o(.text)
    GPIO_EventOutputConfig                   0x080016c3   Thumb Code    26  stm32f10x_gpio.o(.text)
    GPIO_EventOutputCmd                      0x080016dd   Thumb Code     6  stm32f10x_gpio.o(.text)
    GPIO_PinRemapConfig                      0x080016e3   Thumb Code   138  stm32f10x_gpio.o(.text)
    GPIO_EXTILineConfig                      0x0800176d   Thumb Code    66  stm32f10x_gpio.o(.text)
    GPIO_ETH_MediaInterfaceConfig            0x080017af   Thumb Code     8  stm32f10x_gpio.o(.text)
    I2C_DeInit                               0x080017dd   Thumb Code    50  stm32f10x_i2c.o(.text)
    I2C_Init                                 0x0800180f   Thumb Code   222  stm32f10x_i2c.o(.text)
    I2C_StructInit                           0x080018ed   Thumb Code    30  stm32f10x_i2c.o(.text)
    I2C_Cmd                                  0x0800190b   Thumb Code    24  stm32f10x_i2c.o(.text)
    I2C_DMACmd                               0x08001923   Thumb Code    24  stm32f10x_i2c.o(.text)
    I2C_DMALastTransferCmd                   0x0800193b   Thumb Code    24  stm32f10x_i2c.o(.text)
    I2C_GenerateSTART                        0x08001953   Thumb Code    24  stm32f10x_i2c.o(.text)
    I2C_GenerateSTOP                         0x0800196b   Thumb Code    24  stm32f10x_i2c.o(.text)
    I2C_AcknowledgeConfig                    0x08001983   Thumb Code    24  stm32f10x_i2c.o(.text)
    I2C_OwnAddress2Config                    0x0800199b   Thumb Code    22  stm32f10x_i2c.o(.text)
    I2C_DualAddressCmd                       0x080019b1   Thumb Code    24  stm32f10x_i2c.o(.text)
    I2C_GeneralCallCmd                       0x080019c9   Thumb Code    24  stm32f10x_i2c.o(.text)
    I2C_ITConfig                             0x080019e1   Thumb Code    18  stm32f10x_i2c.o(.text)
    I2C_SendData                             0x080019f3   Thumb Code     4  stm32f10x_i2c.o(.text)
    I2C_ReceiveData                          0x080019f7   Thumb Code     8  stm32f10x_i2c.o(.text)
    I2C_Send7bitAddress                      0x080019ff   Thumb Code    18  stm32f10x_i2c.o(.text)
    I2C_ReadRegister                         0x08001a11   Thumb Code    22  stm32f10x_i2c.o(.text)
    I2C_SoftwareResetCmd                     0x08001a27   Thumb Code    22  stm32f10x_i2c.o(.text)
    I2C_NACKPositionConfig                   0x08001a3d   Thumb Code    28  stm32f10x_i2c.o(.text)
    I2C_SMBusAlertConfig                     0x08001a59   Thumb Code    28  stm32f10x_i2c.o(.text)
    I2C_TransmitPEC                          0x08001a75   Thumb Code    24  stm32f10x_i2c.o(.text)
    I2C_PECPositionConfig                    0x08001a8d   Thumb Code    28  stm32f10x_i2c.o(.text)
    I2C_CalculatePEC                         0x08001aa9   Thumb Code    24  stm32f10x_i2c.o(.text)
    I2C_GetPEC                               0x08001ac1   Thumb Code     8  stm32f10x_i2c.o(.text)
    I2C_ARPCmd                               0x08001ac9   Thumb Code    24  stm32f10x_i2c.o(.text)
    I2C_StretchClockCmd                      0x08001ae1   Thumb Code    24  stm32f10x_i2c.o(.text)
    I2C_FastModeDutyCycleConfig              0x08001af9   Thumb Code    28  stm32f10x_i2c.o(.text)
    I2C_CheckEvent                           0x08001b15   Thumb Code    42  stm32f10x_i2c.o(.text)
    I2C_GetLastEvent                         0x08001b3f   Thumb Code    26  stm32f10x_i2c.o(.text)
    I2C_GetFlagStatus                        0x08001b59   Thumb Code    58  stm32f10x_i2c.o(.text)
    I2C_ClearFlag                            0x08001b93   Thumb Code    12  stm32f10x_i2c.o(.text)
    I2C_GetITStatus                          0x08001b9f   Thumb Code    54  stm32f10x_i2c.o(.text)
    I2C_ClearITPendingBit                    0x08001bd5   Thumb Code    12  stm32f10x_i2c.o(.text)
    RCC_DeInit                               0x08001be1   Thumb Code    64  stm32f10x_rcc.o(.text)
    RCC_HSEConfig                            0x08001c21   Thumb Code    70  stm32f10x_rcc.o(.text)
    RCC_GetFlagStatus                        0x08001c67   Thumb Code    56  stm32f10x_rcc.o(.text)
    RCC_WaitForHSEStartUp                    0x08001c9f   Thumb Code    56  stm32f10x_rcc.o(.text)
    RCC_AdjustHSICalibrationValue            0x08001cd7   Thumb Code    20  stm32f10x_rcc.o(.text)
    RCC_HSICmd                               0x08001ceb   Thumb Code     6  stm32f10x_rcc.o(.text)
    RCC_PLLConfig                            0x08001cf1   Thumb Code    24  stm32f10x_rcc.o(.text)
    RCC_PLLCmd                               0x08001d09   Thumb Code     6  stm32f10x_rcc.o(.text)
    RCC_SYSCLKConfig                         0x08001d0f   Thumb Code    18  stm32f10x_rcc.o(.text)
    RCC_GetSYSCLKSource                      0x08001d21   Thumb Code    10  stm32f10x_rcc.o(.text)
    RCC_HCLKConfig                           0x08001d2b   Thumb Code    18  stm32f10x_rcc.o(.text)
    RCC_PCLK1Config                          0x08001d3d   Thumb Code    18  stm32f10x_rcc.o(.text)
    RCC_PCLK2Config                          0x08001d4f   Thumb Code    20  stm32f10x_rcc.o(.text)
    RCC_ITConfig                             0x08001d63   Thumb Code    26  stm32f10x_rcc.o(.text)
    RCC_USBCLKConfig                         0x08001d7d   Thumb Code     8  stm32f10x_rcc.o(.text)
    RCC_ADCCLKConfig                         0x08001d85   Thumb Code    18  stm32f10x_rcc.o(.text)
    RCC_LSEConfig                            0x08001d97   Thumb Code    50  stm32f10x_rcc.o(.text)
    RCC_LSICmd                               0x08001dc9   Thumb Code     6  stm32f10x_rcc.o(.text)
    RCC_RTCCLKConfig                         0x08001dcf   Thumb Code    12  stm32f10x_rcc.o(.text)
    RCC_RTCCLKCmd                            0x08001ddb   Thumb Code     8  stm32f10x_rcc.o(.text)
    RCC_GetClocksFreq                        0x08001de3   Thumb Code   192  stm32f10x_rcc.o(.text)
    RCC_AHBPeriphClockCmd                    0x08001ea3   Thumb Code    26  stm32f10x_rcc.o(.text)
    RCC_APB2PeriphClockCmd                   0x08001ebd   Thumb Code    26  stm32f10x_rcc.o(.text)
    RCC_APB1PeriphClockCmd                   0x08001ed7   Thumb Code    26  stm32f10x_rcc.o(.text)
    RCC_APB2PeriphResetCmd                   0x08001ef1   Thumb Code    26  stm32f10x_rcc.o(.text)
    RCC_APB1PeriphResetCmd                   0x08001f0b   Thumb Code    26  stm32f10x_rcc.o(.text)
    RCC_BackupResetCmd                       0x08001f25   Thumb Code     8  stm32f10x_rcc.o(.text)
    RCC_ClockSecuritySystemCmd               0x08001f2d   Thumb Code     6  stm32f10x_rcc.o(.text)
    RCC_MCOConfig                            0x08001f33   Thumb Code     6  stm32f10x_rcc.o(.text)
    RCC_ClearFlag                            0x08001f39   Thumb Code    14  stm32f10x_rcc.o(.text)
    RCC_GetITStatus                          0x08001f47   Thumb Code    20  stm32f10x_rcc.o(.text)
    RCC_ClearITPendingBit                    0x08001f5b   Thumb Code     6  stm32f10x_rcc.o(.text)
    USART_DeInit                             0x08001f85   Thumb Code   134  stm32f10x_usart.o(.text)
    USART_Init                               0x0800200b   Thumb Code   210  stm32f10x_usart.o(.text)
    USART_StructInit                         0x080020dd   Thumb Code    24  stm32f10x_usart.o(.text)
    USART_ClockInit                          0x080020f5   Thumb Code    34  stm32f10x_usart.o(.text)
    USART_ClockStructInit                    0x08002117   Thumb Code    12  stm32f10x_usart.o(.text)
    USART_Cmd                                0x08002123   Thumb Code    24  stm32f10x_usart.o(.text)
    USART_ITConfig                           0x0800213b   Thumb Code    74  stm32f10x_usart.o(.text)
    USART_DMACmd                             0x08002185   Thumb Code    18  stm32f10x_usart.o(.text)
    USART_SetAddress                         0x08002197   Thumb Code    18  stm32f10x_usart.o(.text)
    USART_WakeUpConfig                       0x080021a9   Thumb Code    18  stm32f10x_usart.o(.text)
    USART_ReceiverWakeUpCmd                  0x080021bb   Thumb Code    24  stm32f10x_usart.o(.text)
    USART_LINBreakDetectLengthConfig         0x080021d3   Thumb Code    18  stm32f10x_usart.o(.text)
    USART_LINCmd                             0x080021e5   Thumb Code    24  stm32f10x_usart.o(.text)
    USART_SendData                           0x080021fd   Thumb Code     8  stm32f10x_usart.o(.text)
    USART_ReceiveData                        0x08002205   Thumb Code    10  stm32f10x_usart.o(.text)
    USART_SendBreak                          0x0800220f   Thumb Code    10  stm32f10x_usart.o(.text)
    USART_SetGuardTime                       0x08002219   Thumb Code    16  stm32f10x_usart.o(.text)
    USART_SetPrescaler                       0x08002229   Thumb Code    16  stm32f10x_usart.o(.text)
    USART_SmartCardCmd                       0x08002239   Thumb Code    24  stm32f10x_usart.o(.text)
    USART_SmartCardNACKCmd                   0x08002251   Thumb Code    24  stm32f10x_usart.o(.text)
    USART_HalfDuplexCmd                      0x08002269   Thumb Code    24  stm32f10x_usart.o(.text)
    USART_OverSampling8Cmd                   0x08002281   Thumb Code    22  stm32f10x_usart.o(.text)
    USART_OneBitMethodCmd                    0x08002297   Thumb Code    24  stm32f10x_usart.o(.text)
    USART_IrDAConfig                         0x080022af   Thumb Code    18  stm32f10x_usart.o(.text)
    USART_IrDACmd                            0x080022c1   Thumb Code    24  stm32f10x_usart.o(.text)
    USART_GetFlagStatus                      0x080022d9   Thumb Code    26  stm32f10x_usart.o(.text)
    USART_ClearFlag                          0x080022f3   Thumb Code    18  stm32f10x_usart.o(.text)
    USART_GetITStatus                        0x08002305   Thumb Code    84  stm32f10x_usart.o(.text)
    USART_ClearITPendingBit                  0x08002359   Thumb Code    52  stm32f10x_usart.o(.text)
    __aeabi_fadd                             0x0800238d   Thumb Code   164  fadd.o(.text)
    __aeabi_fsub                             0x08002431   Thumb Code     6  fadd.o(.text)
    __aeabi_frsub                            0x08002437   Thumb Code     6  fadd.o(.text)
    __aeabi_fmul                             0x0800243d   Thumb Code   100  fmul.o(.text)
    __aeabi_fdiv                             0x080024a1   Thumb Code   124  fdiv.o(.text)
    __aeabi_ddiv                             0x0800251d   Thumb Code   222  ddiv.o(.text)
    __aeabi_i2f                              0x080025fb   Thumb Code    18  fflti.o(.text)
    __aeabi_ui2f                             0x0800260d   Thumb Code    10  ffltui.o(.text)
    __aeabi_f2iz                             0x08002617   Thumb Code    50  ffixi.o(.text)
    __aeabi_f2d                              0x08002649   Thumb Code    38  f2d.o(.text)
    __aeabi_d2f                              0x0800266f   Thumb Code    56  d2f.o(.text)
    __aeabi_uidiv                            0x080026a7   Thumb Code     0  uidiv.o(.text)
    __aeabi_uidivmod                         0x080026a7   Thumb Code    44  uidiv.o(.text)
    __aeabi_uldivmod                         0x080026d3   Thumb Code    98  uldiv.o(.text)
    __I$use$fp                               0x08002735   Thumb Code     0  iusefp.o(.text)
    _float_round                             0x08002735   Thumb Code    18  fepilogue.o(.text)
    _float_epilogue                          0x08002747   Thumb Code    92  fepilogue.o(.text)
    _double_round                            0x080027a3   Thumb Code    30  depilogue.o(.text)
    _double_epilogue                         0x080027c1   Thumb Code   156  depilogue.o(.text)
    __aeabi_dadd                             0x0800285d   Thumb Code   322  dadd.o(.text)
    __aeabi_dsub                             0x0800299f   Thumb Code     6  dadd.o(.text)
    __aeabi_drsub                            0x080029a5   Thumb Code     6  dadd.o(.text)
    __aeabi_dmul                             0x080029ab   Thumb Code   228  dmul.o(.text)
    __aeabi_d2ulz                            0x08002a8f   Thumb Code    48  dfixul.o(.text)
    __aeabi_cdrcmple                         0x08002ac1   Thumb Code    48  cdrcmple.o(.text)
    __scatterload                            0x08002af1   Thumb Code    28  init.o(.text)
    __scatterload_rt2                        0x08002af1   Thumb Code     0  init.o(.text)
    __aeabi_llsl                             0x08002b15   Thumb Code    30  llshl.o(.text)
    _ll_shift_l                              0x08002b15   Thumb Code     0  llshl.o(.text)
    __aeabi_llsr                             0x08002b33   Thumb Code    32  llushr.o(.text)
    _ll_ushift_r                             0x08002b33   Thumb Code     0  llushr.o(.text)
    __aeabi_lasr                             0x08002b53   Thumb Code    36  llsshr.o(.text)
    _ll_sshift_r                             0x08002b53   Thumb Code     0  llsshr.o(.text)
    __ARM_scalbn                             0x08002b77   Thumb Code    46  dscalb.o(.text)
    scalbn                                   0x08002b77   Thumb Code     0  dscalb.o(.text)
    __0printf                                0x08002ba5   Thumb Code    22  printfa.o(i.__0printf)
    __1printf                                0x08002ba5   Thumb Code     0  printfa.o(i.__0printf)
    __2printf                                0x08002ba5   Thumb Code     0  printfa.o(i.__0printf)
    __c89printf                              0x08002ba5   Thumb Code     0  printfa.o(i.__0printf)
    printf                                   0x08002ba5   Thumb Code     0  printfa.o(i.__0printf)
    __ARM_fpclassify                         0x08002bc5   Thumb Code    40  fpclassify.o(i.__ARM_fpclassify)
    __kernel_poly                            0x08002bed   Thumb Code   170  poly.o(i.__kernel_poly)
    __mathlib_dbl_infnan                     0x08002c97   Thumb Code     6  dunder.o(i.__mathlib_dbl_infnan)
    __mathlib_dbl_infnan2                    0x08002c9d   Thumb Code     4  dunder.o(i.__mathlib_dbl_infnan2)
    __mathlib_dbl_underflow                  0x08002ca1   Thumb Code    10  dunder.o(i.__mathlib_dbl_underflow)
    __scatterload_copy                       0x08002cb1   Thumb Code    14  handlers.o(i.__scatterload_copy)
    __scatterload_null                       0x08002cbf   Thumb Code     2  handlers.o(i.__scatterload_null)
    __scatterload_zeroinit                   0x08002cc1   Thumb Code    14  handlers.o(i.__scatterload_zeroinit)
    atan                                     0x08003585   Thumb Code   474  atan.o(i.atan)
    atan2                                    0x080037a5   Thumb Code   346  atan2.o(i.atan2)
    __mathlib_zero                           0x080039c0   Data           8  qnan.o(.constdata)
    Region$$Table$$Base                      0x080039c8   Number         0  anon$$obj.o(Region$$Table)
    Region$$Table$$Limit                     0x080039e8   Number         0  anon$$obj.o(Region$$Table)
    delay_ms_counter                         0x20000000   Data           4  scheduler.o(.data)
    init_error                               0x20000004   Data           4  main.o(.data)
    TEM_LPF                                  0x20000008   Data           4  mpu6050_measure.o(.data)
    kp                                       0x20000010   Data           4  control.o(.data)
    kd                                       0x20000014   Data           4  control.o(.data)
    Control_Out_Left                         0x20000018   Data           4  control.o(.data)
    Control_Out_Right                        0x2000001c   Data           4  control.o(.data)
    Direction_Left                           0x20000021   Data           1  movement_control.o(.data)
    Rirection_Right                          0x20000022   Data           1  movement_control.o(.data)
    mpu6050_ok                               0x20000023   Data           1  bsp_mpu6050.o(.data)
    SystemCoreClock                          0x20000024   Data           4  system_stm32f10x.o(.data)
    AHBPrescTable                            0x20000028   Data          16  system_stm32f10x.o(.data)
    __stdout                                 0x2000004c   Data           4  stdout.o(.data)
    loop                                     0x20000050   Data          14  scheduler.o(.bss)
    mpu6050                                  0x20000060   Data          28  attitude_computation.o(.bss)
    mpu6050_output                           0x2000007c   Data         172  attitude_computation.o(.bss)
    atti_x                                   0x20000128   Data          96  attitude_computation.o(.bss)
    atti_y                                   0x20000188   Data          96  attitude_computation.o(.bss)
    Gyro_mpu6050_out                         0x200001e8   Data          12  attitude_computation.o(.bss)
    Accel                                    0x200001f4   Data          12  attitude_computation.o(.bss)
    Angle_estimate                           0x20000200   Data          12  attitude_computation.o(.bss)
    Gyro                                     0x2000020c   Data          12  attitude_computation.o(.bss)
    Angle                                    0x20000218   Data          12  attitude_computation.o(.bss)
    buff                                     0x20000224   Data          20  data_transfer.o(.bss)
    __initial_sp                             0x20000638   Data           0  startup_stm32f10x_hd.o(STACK)



==============================================================================

Memory Map of the image

  Image Entry point : 0x08000131

  Load Region LR_IROM1 (Base: 0x08000000, Size: 0x00003a38, Max: 0x00010000, ABSOLUTE)

    Execution Region ER_IROM1 (Base: 0x08000000, Size: 0x000039e8, Max: 0x00010000, ABSOLUTE)

    Base Addr    Size         Type   Attr      Idx    E Section Name        Object

    0x08000000   0x00000130   Data   RO          342    RESET               startup_stm32f10x_hd.o
    0x08000130   0x00000000   Code   RO          713  * .ARM.Collect$$$$00000000  mc_w.l(entry.o)
    0x08000130   0x00000004   Code   RO         1020    .ARM.Collect$$$$00000001  mc_w.l(entry2.o)
    0x08000134   0x00000004   Code   RO         1023    .ARM.Collect$$$$00000004  mc_w.l(entry5.o)
    0x08000138   0x00000000   Code   RO         1025    .ARM.Collect$$$$00000008  mc_w.l(entry7b.o)
    0x08000138   0x00000000   Code   RO         1027    .ARM.Collect$$$$0000000A  mc_w.l(entry8b.o)
    0x08000138   0x00000008   Code   RO         1028    .ARM.Collect$$$$0000000B  mc_w.l(entry9a.o)
    0x08000140   0x00000000   Code   RO         1030    .ARM.Collect$$$$0000000D  mc_w.l(entry10a.o)
    0x08000140   0x00000000   Code   RO         1032    .ARM.Collect$$$$0000000F  mc_w.l(entry11a.o)
    0x08000140   0x00000004   Code   RO         1021    .ARM.Collect$$$$00002712  mc_w.l(entry2.o)
    0x08000144   0x000001f4   Code   RO            1    .text               scheduler.o
    0x08000338   0x00000034   Code   RO           89    .text               main.o
    0x0800036c   0x00000020   Code   RO          120    .text               stm32f10x_it.o
    0x0800038c   0x0000002c   Code   RO          135    .text               init.o
    0x080003b8   0x000001e8   Code   RO          147    .text               kalman.o
    0x080005a0   0x0000032c   Code   RO          162    .text               mpu6050_measure.o
    0x080008cc   0x000000d0   Code   RO          186    .text               attitude_computation.o
    0x0800099c   0x00000074   Code   RO          208    .text               control.o
    0x08000a10   0x000000d4   Code   RO          226    .text               data_transfer.o
    0x08000ae4   0x00000058   Code   RO          245    .text               movement_control.o
    0x08000b3c   0x00000168   Code   RO          269    .text               bsp_usart1.o
    0x08000ca4   0x00000068   Code   RO          281    .text               bsp_systick.o
    0x08000d0c   0x00000074   Code   RO          297    .text               bsp_i2c.o
    0x08000d80   0x0000041e   Code   RO          309    .text               bsp_mpu6050.o
    0x0800119e   0x00000002   PAD
    0x080011a0   0x00000024   Code   RO          343    .text               startup_stm32f10x_hd.o
    0x080011c4   0x000001e0   Code   RO          358    .text               system_stm32f10x.o
    0x080013a4   0x000000dc   Code   RO          376    .text               misc.o
    0x08001480   0x0000035c   Code   RO          553    .text               stm32f10x_gpio.o
    0x080017dc   0x00000404   Code   RO          565    .text               stm32f10x_i2c.o
    0x08001be0   0x000003a4   Code   RO          607    .text               stm32f10x_rcc.o
    0x08001f84   0x00000408   Code   RO          678    .text               stm32f10x_usart.o
    0x0800238c   0x000000b0   Code   RO          977    .text               mf_w.l(fadd.o)
    0x0800243c   0x00000064   Code   RO          979    .text               mf_w.l(fmul.o)
    0x080024a0   0x0000007c   Code   RO          981    .text               mf_w.l(fdiv.o)
    0x0800251c   0x000000de   Code   RO          983    .text               mf_w.l(ddiv.o)
    0x080025fa   0x00000012   Code   RO          985    .text               mf_w.l(fflti.o)
    0x0800260c   0x0000000a   Code   RO          987    .text               mf_w.l(ffltui.o)
    0x08002616   0x00000032   Code   RO          989    .text               mf_w.l(ffixi.o)
    0x08002648   0x00000026   Code   RO          991    .text               mf_w.l(f2d.o)
    0x0800266e   0x00000038   Code   RO          993    .text               mf_w.l(d2f.o)
    0x080026a6   0x0000002c   Code   RO         1035    .text               mc_w.l(uidiv.o)
    0x080026d2   0x00000062   Code   RO         1037    .text               mc_w.l(uldiv.o)
    0x08002734   0x00000000   Code   RO         1046    .text               mc_w.l(iusefp.o)
    0x08002734   0x0000006e   Code   RO         1047    .text               mf_w.l(fepilogue.o)
    0x080027a2   0x000000ba   Code   RO         1049    .text               mf_w.l(depilogue.o)
    0x0800285c   0x0000014e   Code   RO         1051    .text               mf_w.l(dadd.o)
    0x080029aa   0x000000e4   Code   RO         1053    .text               mf_w.l(dmul.o)
    0x08002a8e   0x00000030   Code   RO         1055    .text               mf_w.l(dfixul.o)
    0x08002abe   0x00000002   PAD
    0x08002ac0   0x00000030   Code   RO         1057    .text               mf_w.l(cdrcmple.o)
    0x08002af0   0x00000024   Code   RO         1063    .text               mc_w.l(init.o)
    0x08002b14   0x0000001e   Code   RO         1065    .text               mc_w.l(llshl.o)
    0x08002b32   0x00000020   Code   RO         1067    .text               mc_w.l(llushr.o)
    0x08002b52   0x00000024   Code   RO         1069    .text               mc_w.l(llsshr.o)
    0x08002b76   0x0000002e   Code   RO         1071    .text               mf_w.l(dscalb.o)
    0x08002ba4   0x00000020   Code   RO          949    i.__0printf         mc_w.l(printfa.o)
    0x08002bc4   0x00000028   Code   RO         1059    i.__ARM_fpclassify  m_ws.l(fpclassify.o)
    0x08002bec   0x000000aa   Code   RO         1061    i.__kernel_poly     m_ws.l(poly.o)
    0x08002c96   0x00000006   Code   RO         1006    i.__mathlib_dbl_infnan  m_ws.l(dunder.o)
    0x08002c9c   0x00000004   Code   RO         1007    i.__mathlib_dbl_infnan2  m_ws.l(dunder.o)
    0x08002ca0   0x00000010   Code   RO         1011    i.__mathlib_dbl_underflow  m_ws.l(dunder.o)
    0x08002cb0   0x0000000e   Code   RO         1075    i.__scatterload_copy  mc_w.l(handlers.o)
    0x08002cbe   0x00000002   Code   RO         1076    i.__scatterload_null  mc_w.l(handlers.o)
    0x08002cc0   0x0000000e   Code   RO         1077    i.__scatterload_zeroinit  mc_w.l(handlers.o)
    0x08002cce   0x00000002   PAD
    0x08002cd0   0x00000184   Code   RO          956    i._fp_digits        mc_w.l(printfa.o)
    0x08002e54   0x000006dc   Code   RO          957    i._printf_core      mc_w.l(printfa.o)
    0x08003530   0x00000024   Code   RO          958    i._printf_post_padding  mc_w.l(printfa.o)
    0x08003554   0x0000002e   Code   RO          959    i._printf_pre_padding  mc_w.l(printfa.o)
    0x08003582   0x00000002   PAD
    0x08003584   0x00000220   Code   RO          996    i.atan              m_ws.l(atan.o)
    0x080037a4   0x00000180   Code   RO          706    i.atan2             m_ws.l(atan2.o)
    0x08003924   0x00000004   PAD
    0x08003928   0x00000098   Data   RO          997    .constdata          m_ws.l(atan.o)
    0x080039c0   0x00000008   Data   RO         1019    .constdata          m_ws.l(qnan.o)
    0x080039c8   0x00000020   Data   RO         1073    Region$$Table       anon$$obj.o


    Execution Region RW_IRAM1 (Base: 0x20000000, Size: 0x00000638, Max: 0x00005000, ABSOLUTE)

    Base Addr    Size         Type   Attr      Idx    E Section Name        Object

    0x20000000   0x00000004   Data   RW            3    .data               scheduler.o
    0x20000004   0x00000004   Data   RW           90    .data               main.o
    0x20000008   0x00000008   Data   RW          163    .data               mpu6050_measure.o
    0x20000010   0x00000010   Data   RW          209    .data               control.o
    0x20000020   0x00000001   Data   RW          228    .data               data_transfer.o
    0x20000021   0x00000002   Data   RW          246    .data               movement_control.o
    0x20000023   0x00000001   Data   RW          310    .data               bsp_mpu6050.o
    0x20000024   0x00000014   Data   RW          359    .data               system_stm32f10x.o
    0x20000038   0x00000014   Data   RW          608    .data               stm32f10x_rcc.o
    0x2000004c   0x00000004   Data   RW         1034    .data               mc_w.l(stdout.o)
    0x20000050   0x0000000e   Zero   RW            2    .bss                scheduler.o
    0x2000005e   0x00000002   PAD
    0x20000060   0x000001c4   Zero   RW          187    .bss                attitude_computation.o
    0x20000224   0x00000014   Zero   RW          227    .bss                data_transfer.o
    0x20000238   0x00000400   Zero   RW          340    STACK               startup_stm32f10x_hd.o


==============================================================================

Image component sizes


      Code (inc. data)   RO Data    RW Data    ZI Data      Debug   Object Name

       208         36          0          0        452      12325   attitude_computation.o
       116         12          0          0          0        641   bsp_i2c.o
      1054         18          0          1          0      16283   bsp_mpu6050.o
       104         12          0          0          0      15918   bsp_systick.o
       360         90          0          0          0       1541   bsp_usart1.o
       116         18          0         16          0       1274   control.o
       212         26          0          1         20       1532   data_transfer.o
        44          0          0          0          0        563   init.o
       488         12          0          0          0       2376   kalman.o
        52         24          0          4          0        792   main.o
       220         22          0          0          0       1933   misc.o
        88         10          0          2          0       1943   movement_control.o
       812         32          0          8          0       2568   mpu6050_measure.o
       500         58          0          4         14     256288   scheduler.o
        36          8        304          0       1024        900   startup_stm32f10x_hd.o
       860         38          0          0          0       5861   stm32f10x_gpio.o
      1028         16          0          0          0       9355   stm32f10x_i2c.o
        32          0          0          0          0       1350   stm32f10x_it.o
       932         36          0         20          0       9096   stm32f10x_rcc.o
      1032         22          0          0          0       8588   stm32f10x_usart.o
       480         38          0         20          0       2039   system_stm32f10x.o

    ----------------------------------------------------------------------
      8776        528        336         76       1512     353166   Object Totals
         0          0         32          0          0          0   (incl. Generated)
         2          0          0          0          2          0   (incl. Padding)

    ----------------------------------------------------------------------

      Code (inc. data)   RO Data    RW Data    ZI Data      Debug   Library Member Name

       544         70        152          0          0        124   atan.o
       384         38          0          0          0        144   atan2.o
        26          6          0          0          0        204   dunder.o
        40          0          0          0          0         68   fpclassify.o
       170          0          0          0          0         96   poly.o
         0          0          8          0          0          0   qnan.o
         0          0          0          0          0          0   entry.o
         0          0          0          0          0          0   entry10a.o
         0          0          0          0          0          0   entry11a.o
         8          4          0          0          0          0   entry2.o
         4          0          0          0          0          0   entry5.o
         0          0          0          0          0          0   entry7b.o
         0          0          0          0          0          0   entry8b.o
         8          4          0          0          0          0   entry9a.o
        30          0          0          0          0          0   handlers.o
        36          8          0          0          0         68   init.o
         0          0          0          0          0          0   iusefp.o
        30          0          0          0          0         68   llshl.o
        36          0          0          0          0         68   llsshr.o
        32          0          0          0          0         68   llushr.o
      2258         90          0          0          0        452   printfa.o
         0          0          0          4          0          0   stdout.o
        44          0          0          0          0         80   uidiv.o
        98          0          0          0          0         92   uldiv.o
        48          0          0          0          0         68   cdrcmple.o
        56          0          0          0          0         88   d2f.o
       334          0          0          0          0        148   dadd.o
       222          0          0          0          0        100   ddiv.o
       186          0          0          0          0        176   depilogue.o
        48          0          0          0          0         68   dfixul.o
       228          0          0          0          0         96   dmul.o
        46          0          0          0          0         80   dscalb.o
        38          0          0          0          0         68   f2d.o
       176          0          0          0          0        140   fadd.o
       124          0          0          0          0         88   fdiv.o
       110          0          0          0          0        168   fepilogue.o
        50          0          0          0          0         68   ffixi.o
        18          0          0          0          0         68   fflti.o
        10          0          0          0          0         68   ffltui.o
       100          0          0          0          0         76   fmul.o

    ----------------------------------------------------------------------
      5552        224        160          4          0       3100   Library Totals
        10          4          0          0          0          0   (incl. Padding)

    ----------------------------------------------------------------------

      Code (inc. data)   RO Data    RW Data    ZI Data      Debug   Library Name

      1164        114        160          0          0        636   m_ws.l
      2584        106          0          4          0        896   mc_w.l
      1794          0          0          0          0       1568   mf_w.l

    ----------------------------------------------------------------------
      5552        224        160          4          0       3100   Library Totals

    ----------------------------------------------------------------------

==============================================================================


      Code (inc. data)   RO Data    RW Data    ZI Data      Debug   

     14328        752        496         80       1512     353090   Grand Totals
     14328        752        496         80       1512     353090   ELF Image Totals
     14328        752        496         80          0          0   ROM Totals

==============================================================================

    Total RO  Size (Code + RO Data)                14824 (  14.48kB)
    Total RW  Size (RW Data + ZI Data)              1592 (   1.55kB)
    Total ROM Size (Code + RO Data + RW Data)      14904 (  14.55kB)

==============================================================================

